<html>
<body>
<pre>
<h1>µVision Build Log</h1>
<h2>Tool Versions:</h2>
IDE-Version: ¦ÌVision V5.43.1.0
Copyright (C) 2025 ARM Ltd and ARM Germany GmbH. All rights reserved.
License Information: 111 111, 111, LIC=03C6R-KJ06T-TGQ7T-RJJY5-EJBCI-J665X
 
Tool Versions:
Toolchain:       MDK-ARM Plus  Version: 5.43.0.0
Toolchain Path:  C:\Users\80569\AppData\Local\Keil_v5\ARM\ARMCLANG\Bin
C Compiler:      ArmClang.exe V6.24
Assembler:       Armasm.exe V6.24
Linker/Locator:  ArmLink.exe V6.24
Library Manager: ArmAr.exe V6.24
Hex Converter:   FromElf.exe V6.24
CPU DLL:         SARMCM3.DLL V5.43.0.0
Dialog DLL:      DCM.DLL V1.17.5.0
Target DLL:      CMSIS_AGDI.dll V1.33.24.0
Dialog DLL:      TCM.DLL V1.56.6.0
 
<h2>Project:</h2>
C:\Users\80569\Desktop\STM32\Lanqiao\Password input\MDK-ARM\Password input.uvprojx
Project File Date:  03/24/2026

<h2>Output:</h2>
*** Using Compiler 'V6.24', folder: 'C:\Users\80569\AppData\Local\Keil_v5\ARM\ARMCLANG\Bin'
Rebuild target 'Password input'
compiling pwm.c...
compiling stm32g4xx_hal_pwr_ex.c...
assembling startup_stm32g431xx.s...
compiling gpio.c...
compiling tim.c...
compiling i2c_hal.c...
compiling usart.c...
compiling led.c...
compiling stm32g4xx_hal_msp.c...
compiling stm32g4xx_it.c...
compiling key.c...
compiling main.c...
compiling app.c...
compiling stm32g4xx_hal.c...
../Core/Src/lcd.c(200): warning: passing 'char[21]' to parameter of type 'u8 *' (aka 'unsigned char *') converts between pointers to integer types where one is of the unique plain 'char' type and the other is not [-Wpointer-sign]
  200 |     LCD_DisplayStringLine(Line, "                    ");
      |                                 ^~~~~~~~~~~~~~~~~~~~~~
../Core/Inc\lcd.h(187): note: passing argument to parameter 'ptr' here
  187 | void LCD_DisplayStringLine(u8 Line, u8 *ptr);
      |                                         ^
1 warning generated.
compiling lcd.c...
compiling stm32g4xx_hal_rcc.c...
compiling stm32g4xx_hal_rcc_ex.c...
compiling stm32g4xx_hal_flash_ramfunc.c...
compiling stm32g4xx_hal_flash.c...
compiling stm32g4xx_hal_flash_ex.c...
compiling stm32g4xx_hal_gpio.c...
compiling stm32g4xx_hal_tim_ex.c...
compiling stm32g4xx_hal_exti.c...
compiling stm32g4xx_hal_dma_ex.c...
compiling stm32g4xx_hal_pwr.c...
compiling stm32g4xx_hal_dma.c...
compiling stm32g4xx_hal_cortex.c...
compiling system_stm32g4xx.c...
compiling stm32g4xx_hal_uart_ex.c...
compiling stm32g4xx_hal_tim.c...
compiling stm32g4xx_hal_uart.c...
linking...
Program Size: Code=24144 RO-data=5144 RW-data=16 ZI-data=1968  
FromELF: creating hex file...
"Password input\Password input.axf" - 0 Error(s), 1 Warning(s).

<h2>Software Packages used:</h2>

Package Vendor: ARM
                https://www.keil.com/pack/ARM.CMSIS.6.3.0.pack
                ARM::CMSIS@6.3.0
                CMSIS (Common Microcontroller Software Interface Standard)
   * Component: CORE Version: 6.2.0

Package Vendor: Keil
                https://www.keil.com/pack/Keil.STM32G4xx_DFP.2.2.0.pack
                Keil::STM32G4xx_DFP@2.2.0
                STMicroelectronics STM32G4 Series Device Support

<h2>Collection of Component include folders:</h2>
  ./RTE/_Password_input
  C:/Users/80569/AppData/Local/Arm/Packs/ARM/CMSIS/6.3.0/CMSIS/Core/Include

<h2>Collection of Component Files used:</h2>

   * Component: ARM::CMSIS:CORE@6.2.0
      Include file:  CMSIS/Core/Include/tz_context.h
Build Time Elapsed:  00:00:03
</pre>
</body>
</html>
