Component: Arm Compiler for Embedded 6.24 Tool: armlink [5f371500]

==============================================================================

Section Cross References

    startup_stm32g431xx.o(STACK) refers (Special) to heapauxi.o(.text) for __use_two_region_memory
    startup_stm32g431xx.o(HEAP) refers (Special) to heapauxi.o(.text) for __use_two_region_memory
    startup_stm32g431xx.o(RESET) refers (Special) to heapauxi.o(.text) for __use_two_region_memory
    startup_stm32g431xx.o(RESET) refers to startup_stm32g431xx.o(STACK) for __initial_sp
    startup_stm32g431xx.o(RESET) refers to startup_stm32g431xx.o(.text) for Reset_Handler
    startup_stm32g431xx.o(RESET) refers to stm32g4xx_it.o(.text.NMI_Handler) for NMI_Handler
    startup_stm32g431xx.o(RESET) refers to stm32g4xx_it.o(.text.HardFault_Handler) for HardFault_Handler
    startup_stm32g431xx.o(RESET) refers to stm32g4xx_it.o(.text.MemManage_Handler) for MemManage_Handler
    startup_stm32g431xx.o(RESET) refers to stm32g4xx_it.o(.text.BusFault_Handler) for BusFault_Handler
    startup_stm32g431xx.o(RESET) refers to stm32g4xx_it.o(.text.UsageFault_Handler) for UsageFault_Handler
    startup_stm32g431xx.o(RESET) refers to stm32g4xx_it.o(.text.SVC_Handler) for SVC_Handler
    startup_stm32g431xx.o(RESET) refers to stm32g4xx_it.o(.text.DebugMon_Handler) for DebugMon_Handler
    startup_stm32g431xx.o(RESET) refers to stm32g4xx_it.o(.text.PendSV_Handler) for PendSV_Handler
    startup_stm32g431xx.o(RESET) refers to stm32g4xx_it.o(.text.SysTick_Handler) for SysTick_Handler
    startup_stm32g431xx.o(RESET) refers to stm32g4xx_it.o(.text.USART1_IRQHandler) for USART1_IRQHandler
    startup_stm32g431xx.o(.text) refers (Special) to heapauxi.o(.text) for __use_two_region_memory
    startup_stm32g431xx.o(.text) refers to system_stm32g4xx.o(.text.SystemInit) for SystemInit
    startup_stm32g431xx.o(.text) refers to __main.o(!!!main) for __main
    startup_stm32g431xx.o(.text) refers to startup_stm32g431xx.o(HEAP) for Heap_Mem
    startup_stm32g431xx.o(.text) refers to startup_stm32g431xx.o(STACK) for Stack_Mem
    i2c_hal.o(.text.SDA_Input_Mode) refers to stm32g4xx_hal_gpio.o(.text.HAL_GPIO_Init) for HAL_GPIO_Init
    i2c_hal.o(.ARM.exidx.text.SDA_Input_Mode) refers to i2c_hal.o(.text.SDA_Input_Mode) for [Anonymous Symbol]
    i2c_hal.o(.text.SDA_Output_Mode) refers to stm32g4xx_hal_gpio.o(.text.HAL_GPIO_Init) for HAL_GPIO_Init
    i2c_hal.o(.ARM.exidx.text.SDA_Output_Mode) refers to i2c_hal.o(.text.SDA_Output_Mode) for [Anonymous Symbol]
    i2c_hal.o(.ARM.exidx.text.SDA_Output) refers to i2c_hal.o(.text.SDA_Output) for [Anonymous Symbol]
    i2c_hal.o(.ARM.exidx.text.SCL_Output) refers to i2c_hal.o(.text.SCL_Output) for [Anonymous Symbol]
    i2c_hal.o(.text.SDA_Input) refers to stm32g4xx_hal_gpio.o(.text.HAL_GPIO_ReadPin) for HAL_GPIO_ReadPin
    i2c_hal.o(.ARM.exidx.text.SDA_Input) refers to i2c_hal.o(.text.SDA_Input) for [Anonymous Symbol]
    i2c_hal.o(.ARM.exidx.text.I2CStart) refers to i2c_hal.o(.text.I2CStart) for [Anonymous Symbol]
    i2c_hal.o(.ARM.exidx.text.I2CStop) refers to i2c_hal.o(.text.I2CStop) for [Anonymous Symbol]
    i2c_hal.o(.text.I2CWaitAck) refers to stm32g4xx_hal_gpio.o(.text.HAL_GPIO_Init) for HAL_GPIO_Init
    i2c_hal.o(.text.I2CWaitAck) refers to stm32g4xx_hal_gpio.o(.text.HAL_GPIO_ReadPin) for HAL_GPIO_ReadPin
    i2c_hal.o(.ARM.exidx.text.I2CWaitAck) refers to i2c_hal.o(.text.I2CWaitAck) for [Anonymous Symbol]
    i2c_hal.o(.ARM.exidx.text.I2CSendAck) refers to i2c_hal.o(.text.I2CSendAck) for [Anonymous Symbol]
    i2c_hal.o(.ARM.exidx.text.I2CSendNotAck) refers to i2c_hal.o(.text.I2CSendNotAck) for [Anonymous Symbol]
    i2c_hal.o(.ARM.exidx.text.I2CSendByte) refers to i2c_hal.o(.text.I2CSendByte) for [Anonymous Symbol]
    i2c_hal.o(.text.I2CReceiveByte) refers to stm32g4xx_hal_gpio.o(.text.HAL_GPIO_Init) for HAL_GPIO_Init
    i2c_hal.o(.text.I2CReceiveByte) refers to stm32g4xx_hal_gpio.o(.text.HAL_GPIO_ReadPin) for HAL_GPIO_ReadPin
    i2c_hal.o(.ARM.exidx.text.I2CReceiveByte) refers to i2c_hal.o(.text.I2CReceiveByte) for [Anonymous Symbol]
    i2c_hal.o(.text.I2CInit) refers to stm32g4xx_hal_gpio.o(.text.HAL_GPIO_Init) for HAL_GPIO_Init
    i2c_hal.o(.ARM.exidx.text.I2CInit) refers to i2c_hal.o(.text.I2CInit) for [Anonymous Symbol]
    lcd.o(.ARM.exidx.text.Delay_LCD) refers to lcd.o(.text.Delay_LCD) for [Anonymous Symbol]
    lcd.o(.ARM.exidx.text.REG_8230_Init) refers to lcd.o(.text.REG_8230_Init) for [Anonymous Symbol]
    lcd.o(.ARM.exidx.text.LCD_WriteReg) refers to lcd.o(.text.LCD_WriteReg) for [Anonymous Symbol]
    lcd.o(.text.REG_932X_Init) refers to stm32g4xx_hal.o(.text.HAL_Delay) for HAL_Delay
    lcd.o(.ARM.exidx.text.REG_932X_Init) refers to lcd.o(.text.REG_932X_Init) for [Anonymous Symbol]
    lcd.o(.text.LCD_Init) refers to stm32g4xx_hal_gpio.o(.text.HAL_GPIO_Init) for HAL_GPIO_Init
    lcd.o(.text.LCD_Init) refers to lcd.o(.bss.dummy) for dummy
[...]
    ../clib/printf.c                         0x00000000   Number         0  __printf_flags_wp.o ABSOLUTE
    ../clib/printf.c                         0x00000000   Number         0  __printf_ss_wp.o ABSOLUTE
    ../clib/printf.c                         0x00000000   Number         0  __printf_flags_ss_wp.o ABSOLUTE
    ../clib/printf.c                         0x00000000   Number         0  _printf_intcommon.o ABSOLUTE
    ../clib/printf.c                         0x00000000   Number         0  _printf_char_common.o ABSOLUTE
    ../clib/printf.c                         0x00000000   Number         0  _sputc.o ABSOLUTE
    ../clib/printf.c                         0x00000000   Number         0  _printf_char.o ABSOLUTE
    ../clib/printf.c                         0x00000000   Number         0  __printf_nopercent.o ABSOLUTE
    ../clib/printf_percent.s                 0x00000000   Number         0  _printf_c.o ABSOLUTE
    ../clib/printf_percent.s                 0x00000000   Number         0  _printf_d.o ABSOLUTE
    ../clib/printf_percent.s                 0x00000000   Number         0  _printf_percent.o ABSOLUTE
    ../clib/printf_percent.s                 0x00000000   Number         0  _printf_percent_end.o ABSOLUTE
    ../clib/signal.c                         0x00000000   Number         0  defsig_fpe_outer.o ABSOLUTE
    ../clib/signal.c                         0x00000000   Number         0  defsig_fpe_formal.o ABSOLUTE
    ../clib/signal.c                         0x00000000   Number         0  defsig_exit.o ABSOLUTE
    ../clib/signal.c                         0x00000000   Number         0  defsig_fpe_inner.o ABSOLUTE
    ../clib/signal.c                         0x00000000   Number         0  __raise.o ABSOLUTE
    ../clib/signal.c                         0x00000000   Number         0  defsig_general.o ABSOLUTE
    ../clib/signal.c                         0x00000000   Number         0  defsig_abrt_inner.o ABSOLUTE
    ../clib/signal.c                         0x00000000   Number         0  defsig_rtred_inner.o ABSOLUTE
    ../clib/signal.c                         0x00000000   Number         0  defsig_rtmem_inner.o ABSOLUTE
    ../clib/signal.c                         0x00000000   Number         0  defsig_rtmem_outer.o ABSOLUTE
    ../clib/signal.c                         0x00000000   Number         0  defsig_rtmem_formal.o ABSOLUTE
    ../clib/signal.c                         0x00000000   Number         0  defsig_stak_inner.o ABSOLUTE
    ../clib/signal.c                         0x00000000   Number         0  defsig_pvfn_inner.o ABSOLUTE
    ../clib/signal.c                         0x00000000   Number         0  defsig_cppl_inner.o ABSOLUTE
    ../clib/signal.c                         0x00000000   Number         0  defsig_segv_inner.o ABSOLUTE
    ../clib/signal.c                         0x00000000   Number         0  defsig_other.o ABSOLUTE
    ../clib/signal.s                         0x00000000   Number         0  defsig.o ABSOLUTE
    ../clib/stdlib.c                         0x00000000   Number         0  exit.o ABSOLUTE
    ../clib/string.c                         0x00000000   Number         0  strcpy.o ABSOLUTE
    ../clib/string.c                         0x00000000   Number         0  strlen.o ABSOLUTE
    ../clib/string.c                         0x00000000   Number         0  strncmp.o ABSOLUTE
    ../fplib/fpinit.s                        0x00000000   Number         0  fpinit.o ABSOLUTE
    app.c                                    0x00000000   Number         0  app.o ABSOLUTE
    dc.s                                     0x00000000   Number         0  dc.o ABSOLUTE
    gpio.c                                   0x00000000   Number         0  gpio.o ABSOLUTE
    i2c_hal.c                                0x00000000   Number         0  i2c_hal.o ABSOLUTE
    key.c                                    0x00000000   Number         0  key.o ABSOLUTE
    lcd.c                                    0x00000000   Number         0  lcd.o ABSOLUTE
    led.c                                    0x00000000   Number         0  led.o ABSOLUTE
    main.c                                   0x00000000   Number         0  main.o ABSOLUTE
    pwm.c                                    0x00000000   Number         0  pwm.o ABSOLUTE
    startup_stm32g431xx.s                    0x00000000   Number         0  startup_stm32g431xx.o ABSOLUTE
    stm32g4xx_hal.c                          0x00000000   Number         0  stm32g4xx_hal.o ABSOLUTE
    stm32g4xx_hal_cortex.c                   0x00000000   Number         0  stm32g4xx_hal_cortex.o ABSOLUTE
    stm32g4xx_hal_dma.c                      0x00000000   Number         0  stm32g4xx_hal_dma.o ABSOLUTE
    stm32g4xx_hal_dma_ex.c                   0x00000000   Number         0  stm32g4xx_hal_dma_ex.o ABSOLUTE
    stm32g4xx_hal_exti.c                     0x00000000   Number         0  stm32g4xx_hal_exti.o ABSOLUTE
    stm32g4xx_hal_flash.c                    0x00000000   Number         0  stm32g4xx_hal_flash.o ABSOLUTE
    stm32g4xx_hal_flash_ex.c                 0x00000000   Number         0  stm32g4xx_hal_flash_ex.o ABSOLUTE
    stm32g4xx_hal_flash_ramfunc.c            0x00000000   Number         0  stm32g4xx_hal_flash_ramfunc.o ABSOLUTE
    stm32g4xx_hal_gpio.c                     0x00000000   Number         0  stm32g4xx_hal_gpio.o ABSOLUTE
    stm32g4xx_hal_msp.c                      0x00000000   Number         0  stm32g4xx_hal_msp.o ABSOLUTE
    stm32g4xx_hal_pwr.c                      0x00000000   Number         0  stm32g4xx_hal_pwr.o ABSOLUTE
    stm32g4xx_hal_pwr_ex.c                   0x00000000   Number         0  stm32g4xx_hal_pwr_ex.o ABSOLUTE
    stm32g4xx_hal_rcc.c                      0x00000000   Number         0  stm32g4xx_hal_rcc.o ABSOLUTE
    stm32g4xx_hal_rcc_ex.c                   0x00000000   Number         0  stm32g4xx_hal_rcc_ex.o ABSOLUTE
    stm32g4xx_hal_tim.c                      0x00000000   Number         0  stm32g4xx_hal_tim.o ABSOLUTE
    stm32g4xx_hal_tim_ex.c                   0x00000000   Number         0  stm32g4xx_hal_tim_ex.o ABSOLUTE
    stm32g4xx_hal_uart.c                     0x00000000   Number         0  stm32g4xx_hal_uart.o ABSOLUTE
    stm32g4xx_hal_uart_ex.c                  0x00000000   Number         0  stm32g4xx_hal_uart_ex.o ABSOLUTE
    stm32g4xx_it.c                           0x00000000   Number         0  stm32g4xx_it.o ABSOLUTE
    system_stm32g4xx.c                       0x00000000   Number         0  system_stm32g4xx.o ABSOLUTE
    tim.c                                    0x00000000   Number         0  tim.o ABSOLUTE
    usart.c                                  0x00000000   Number         0  usart.o ABSOLUTE
    RESET                                    0x08000000   Section      472  startup_stm32g431xx.o(RESET)
    !!!main                                  0x080001d8   Section        8  __main.o(!!!main)
    !!!scatter                               0x080001e0   Section       92  __scatter.o(!!!scatter)
    !!handler_copy                           0x0800023c   Section       26  __scatter_copy.o(!!handler_copy)
    !!handler_null                           0x08000258   Section        2  __scatter.o(!!handler_null)
    !!handler_zi                             0x0800025c   Section       28  __scatter_zi.o(!!handler_zi)
    .ARM.Collect$$_printf_percent$$00000000  0x08000278   Section        0  _printf_percent.o(.ARM.Collect$$_printf_percent$$00000000)
    .ARM.Collect$$_printf_percent$$00000009  0x08000278   Section        6  _printf_d.o(.ARM.Collect$$_printf_percent$$00000009)
    .ARM.Collect$$_printf_percent$$00000013  0x0800027e   Section        6  _printf_c.o(.ARM.Collect$$_printf_percent$$00000013)
    .ARM.Collect$$_printf_percent$$00000017  0x08000284   Section        4  _printf_percent_end.o(.ARM.Collect$$_printf_percent$$00000017)
    .ARM.Collect$$libinit$$00000000          0x08000288   Section        2  libinit.o(.ARM.Collect$$libinit$$00000000)
    .ARM.Collect$$libinit$$00000001          0x0800028a   Section        4  libinit2.o(.ARM.Collect$$libinit$$00000001)
    .ARM.Collect$$libinit$$00000004          0x0800028e   Section        0  libinit2.o(.ARM.Collect$$libinit$$00000004)
    .ARM.Collect$$libinit$$00000006          0x0800028e   Section        0  libinit2.o(.ARM.Collect$$libinit$$00000006)
    .ARM.Collect$$libinit$$0000000C          0x0800028e   Section        0  libinit2.o(.ARM.Collect$$libinit$$0000000C)
    .ARM.Collect$$libinit$$0000000E          0x0800028e   Section        0  libinit2.o(.ARM.Collect$$libinit$$0000000E)
    .ARM.Collect$$libinit$$00000010          0x0800028e   Section        0  libinit2.o(.ARM.Collect$$libinit$$00000010)
    .ARM.Collect$$libinit$$00000013          0x0800028e   Section        0  libinit2.o(.ARM.Collect$$libinit$$00000013)
    .ARM.Collect$$libinit$$00000015          0x0800028e   Section        0  libinit2.o(.ARM.Collect$$libinit$$00000015)
    .ARM.Collect$$libinit$$00000017          0x0800028e   Section        0  libinit2.o(.ARM.Collect$$libinit$$00000017)
    .ARM.Collect$$libinit$$00000019          0x0800028e   Section        0  libinit2.o(.ARM.Collect$$libinit$$00000019)
    .ARM.Collect$$libinit$$0000001B          0x0800028e   Section        0  libinit2.o(.ARM.Collect$$libinit$$0000001B)
    .ARM.Collect$$libinit$$0000001D          0x0800028e   Section        0  libinit2.o(.ARM.Collect$$libinit$$0000001D)
    .ARM.Collect$$libinit$$0000001F          0x0800028e   Section        0  libinit2.o(.ARM.Collect$$libinit$$0000001F)
    .ARM.Collect$$libinit$$00000021          0x0800028e   Section        0  libinit2.o(.ARM.Collect$$libinit$$00000021)
    .ARM.Collect$$libinit$$00000023          0x0800028e   Section        0  libinit2.o(.ARM.Collect$$libinit$$00000023)
    .ARM.Collect$$libinit$$00000025          0x0800028e   Section        0  libinit2.o(.ARM.Collect$$libinit$$00000025)
    .ARM.Collect$$libinit$$00000027          0x0800028e   Section        0  libinit2.o(.ARM.Collect$$libinit$$00000027)
    .ARM.Collect$$libinit$$0000002E          0x0800028e   Section        0  libinit2.o(.ARM.Collect$$libinit$$0000002E)
    .ARM.Collect$$libinit$$00000030          0x0800028e   Section        0  libinit2.o(.ARM.Collect$$libinit$$00000030)
    .ARM.Collect$$libinit$$00000032          0x0800028e   Section        0  libinit2.o(.ARM.Collect$$libinit$$00000032)
    .ARM.Collect$$libinit$$00000034          0x0800028e   Section        0  libinit2.o(.ARM.Collect$$libinit$$00000034)
    .ARM.Collect$$libinit$$00000035          0x0800028e   Section        2  libinit2.o(.ARM.Collect$$libinit$$00000035)
    .ARM.Collect$$libshutdown$$00000000      0x08000290   Section        2  libshutdown.o(.ARM.Collect$$libshutdown$$00000000)
    .ARM.Collect$$libshutdown$$00000002      0x08000292   Section        0  libshutdown2.o(.ARM.Collect$$libshutdown$$00000002)
    .ARM.Collect$$libshutdown$$00000004      0x08000292   Section        0  libshutdown2.o(.ARM.Collect$$libshutdown$$00000004)
    .ARM.Collect$$libshutdown$$00000007      0x08000292   Section        0  libshutdown2.o(.ARM.Collect$$libshutdown$$00000007)
    .ARM.Collect$$libshutdown$$0000000A      0x08000292   Section        0  libshutdown2.o(.ARM.Collect$$libshutdown$$0000000A)
    .ARM.Collect$$libshutdown$$0000000C      0x08000292   Section        0  libshutdown2.o(.ARM.Collect$$libshutdown$$0000000C)
    .ARM.Collect$$libshutdown$$0000000F      0x08000292   Section        0  libshutdown2.o(.ARM.Collect$$libshutdown$$0000000F)
    .ARM.Collect$$libshutdown$$00000010      0x08000292   Section        2  libshutdown2.o(.ARM.Collect$$libshutdown$$00000010)
    .ARM.Collect$$rtentry$$00000000          0x08000294   Section        0  __rtentry.o(.ARM.Collect$$rtentry$$00000000)
    .ARM.Collect$$rtentry$$00000002          0x08000294   Section        0  __rtentry2.o(.ARM.Collect$$rtentry$$00000002)
    .ARM.Collect$$rtentry$$00000004          0x08000294   Section        6  __rtentry4.o(.ARM.Collect$$rtentry$$00000004)
    .ARM.Collect$$rtentry$$00000009          0x0800029a   Section        0  __rtentry2.o(.ARM.Collect$$rtentry$$00000009)
    .ARM.Collect$$rtentry$$0000000A          0x0800029a   Section        4  __rtentry2.o(.ARM.Collect$$rtentry$$0000000A)
    .ARM.Collect$$rtentry$$0000000C          0x0800029e   Section        0  __rtentry2.o(.ARM.Collect$$rtentry$$0000000C)
    .ARM.Collect$$rtentry$$0000000D          0x0800029e   Section        8  __rtentry2.o(.ARM.Collect$$rtentry$$0000000D)
    .ARM.Collect$$rtexit$$00000000           0x080002a6   Section        2  rtexit.o(.ARM.Collect$$rtexit$$00000000)
    .ARM.Collect$$rtexit$$00000002           0x080002a8   Section        0  rtexit2.o(.ARM.Collect$$rtexit$$00000002)
    .ARM.Collect$$rtexit$$00000003           0x080002a8   Section        4  rtexit2.o(.ARM.Collect$$rtexit$$00000003)
    .ARM.Collect$$rtexit$$00000004           0x080002ac   Section        6  rtexit2.o(.ARM.Collect$$rtexit$$00000004)
    $v0                                      0x080002b4   Number         0  startup_stm32g431xx.o(.text)
    .text                                    0x080002b4   Section       64  startup_stm32g431xx.o(.text)
    .text                                    0x080002f4   Section      240  lludivv7m.o(.text)
    .text                                    0x080003e4   Section        0  noretval__2sprintf.o(.text)
    .text                                    0x0800040c   Section        0  __printf.o(.text)
    .text                                    0x08000474   Section        0  _printf_str.o(.text)
    .text                                    0x080004c8   Section        0  _printf_dec.o(.text)
    .text                                    0x08000540   Section        0  strcpy.o(.text)
    .text                                    0x08000588   Section        0  strlen.o(.text)
    .text                                    0x080005c6   Section        0  strncmp.o(.text)
    .text                                    0x0800065c   Section       78  rt_memclr_w.o(.text)
    .text                                    0x080006aa   Section       86  strncpy.o(.text)
    .text                                    0x08000700   Section      124  strcmpv7em.o(.text)
    .text                                    0x0800077c   Section        0  heapauxi.o(.text)
    .text                                    0x08000782   Section        0  _printf_intcommon.o(.text)
    _printf_input_char                       0x08000835   Thumb Code    10  _printf_char_common.o(.text)
    .text                                    0x08000834   Section        0  _printf_char_common.o(.text)
    .text                                    0x08000864   Section        0  _sputc.o(.text)
    .text                                    0x0800086e   Section        0  _printf_char.o(.text)
    .text                                    0x0800089a   Section       68  rt_memclr.o(.text)
    .text                                    0x080008de   Section       74  sys_stackheap_outer.o(.text)
    .text                                    0x08000928   Section        0  exit.o(.text)
    .text                                    0x0800093c   Section        8  libspace.o(.text)
    .text                                    0x08000944   Section        0  sys_exit.o(.text)
    .text                                    0x08000950   Section        2  use_no_semi.o(.text)
    .text                                    0x08000952   Section        0  indicate_semi.o(.text)
    [Anonymous Symbol]                       0x08000954   Section        0  app.o(.text.APP_HandleKeyInput)
    [Anonymous Symbol]                       0x08000a1c   Section        0  app.o(.text.APP_HandleUARTPassword)
    [Anonymous Symbol]                       0x08000aa8   Section        0  app.o(.text.APP_Init)
    [Anonymous Symbol]                       0x08000af8   Section        0  app.o(.text.APP_Process)
    [Anonymous Symbol]                       0x08000c7c   Section        0  stm32g4xx_it.o(.text.BusFault_Handler)
    [Anonymous Symbol]                       0x08000c80   Section        0  stm32g4xx_it.o(.text.DebugMon_Handler)
    [Anonymous Symbol]                       0x08000c84   Section        0  main.o(.text.Error_Handler)
    [Anonymous Symbol]                       0x08000c90   Section        0  stm32g4xx_hal_dma.o(.text.HAL_DMA_Abort_IT)
    [Anonymous Symbol]                       0x08000d10   Section        0  stm32g4xx_hal.o(.text.HAL_Delay)
    [Anonymous Symbol]                       0x08000d38   Section        0  stm32g4xx_hal_gpio.o(.text.HAL_GPIO_Init)
    [Anonymous Symbol]                       0x08000efc   Section        0  stm32g4xx_hal_gpio.o(.text.HAL_GPIO_ReadPin)
    [Anonymous Symbol]                       0x08000f08   Section        0  stm32g4xx_hal_gpio.o(.text.HAL_GPIO_WritePin)
    [Anonymous Symbol]                       0x08000f14   Section        0  stm32g4xx_hal.o(.text.HAL_GetTick)
    [Anonymous Symbol]                       0x08000f20   Section        0  stm32g4xx_hal.o(.text.HAL_IncTick)
    [Anonymous Symbol]                       0x08000f3c   Section        0  stm32g4xx_hal.o(.text.HAL_Init)
    [Anonymous Symbol]                       0x08000f5c   Section        0  stm32g4xx_hal.o(.text.HAL_InitTick)
    [Anonymous Symbol]                       0x08000fac   Section        0  stm32g4xx_hal_msp.o(.text.HAL_MspInit)
    [Anonymous Symbol]                       0x08000fe0   Section        0  stm32g4xx_hal_cortex.o(.text.HAL_NVIC_EnableIRQ)
    [Anonymous Symbol]                       0x08001004   Section        0  stm32g4xx_hal_cortex.o(.text.HAL_NVIC_SetPriority)
    [Anonymous Symbol]                       0x0800105c   Section        0  stm32g4xx_hal_cortex.o(.text.HAL_NVIC_SetPriorityGrouping)
    [Anonymous Symbol]                       0x0800107c   Section        0  stm32g4xx_hal_pwr_ex.o(.text.HAL_PWREx_ControlVoltageScaling)
    [Anonymous Symbol]                       0x0800118c   Section        0  stm32g4xx_hal_pwr_ex.o(.text.HAL_PWREx_DisableUCPDDeadBattery)
    [Anonymous Symbol]                       0x080011a0   Section        0  stm32g4xx_hal_rcc_ex.o(.text.HAL_RCCEx_PeriphCLKConfig)
    [Anonymous Symbol]                       0x0800140c   Section        0  stm32g4xx_hal_rcc.o(.text.HAL_RCC_ClockConfig)
    [Anonymous Symbol]                       0x08001710   Section        0  stm32g4xx_hal_rcc.o(.text.HAL_RCC_GetPCLK1Freq)
    [Anonymous Symbol]                       0x0800173c   Section        0  stm32g4xx_hal_rcc.o(.text.HAL_RCC_GetPCLK2Freq)
    [Anonymous Symbol]                       0x08001768   Section        0  stm32g4xx_hal_rcc.o(.text.HAL_RCC_GetSysClockFreq)
    [Anonymous Symbol]                       0x080017ec   Section        0  stm32g4xx_hal_rcc.o(.text.HAL_RCC_OscConfig)
    [Anonymous Symbol]                       0x08001cc0   Section        0  stm32g4xx_hal_cortex.o(.text.HAL_SYSTICK_Config)
    [Anonymous Symbol]                       0x08001cec   Section        0  stm32g4xx_hal_tim_ex.o(.text.HAL_TIMEx_MasterConfigSynchronization)
    [Anonymous Symbol]                       0x08001d94   Section        0  stm32g4xx_hal_tim.o(.text.HAL_TIM_PWM_ConfigChannel)
    [Anonymous Symbol]                       0x08002150   Section        0  stm32g4xx_hal_tim.o(.text.HAL_TIM_PWM_Init)
    [Anonymous Symbol]                       0x080021b4   Section        0  tim.o(.text.HAL_TIM_PWM_MspInit)
    [Anonymous Symbol]                       0x080021e0   Section        0  stm32g4xx_hal_tim.o(.text.HAL_TIM_PWM_Start)
    [Anonymous Symbol]                       0x0800234c   Section        0  stm32g4xx_hal_uart_ex.o(.text.HAL_UARTEx_DisableFifoMode)
    [Anonymous Symbol]                       0x08002384   Section        0  stm32g4xx_hal_uart_ex.o(.text.HAL_UARTEx_RxFifoFullCallback)
    [Anonymous Symbol]                       0x08002388   Section        0  stm32g4xx_hal_uart_ex.o(.text.HAL_UARTEx_SetRxFifoThreshold)
    [Anonymous Symbol]                       0x08002414   Section        0  stm32g4xx_hal_uart_ex.o(.text.HAL_UARTEx_SetTxFifoThreshold)
    [Anonymous Symbol]                       0x080024a0   Section        0  stm32g4xx_hal_uart_ex.o(.text.HAL_UARTEx_TxFifoEmptyCallback)
    [Anonymous Symbol]                       0x080024a4   Section        0  stm32g4xx_hal_uart_ex.o(.text.HAL_UARTEx_WakeupCallback)
    [Anonymous Symbol]                       0x080024a8   Section        0  stm32g4xx_hal_uart.o(.text.HAL_UART_ErrorCallback)
    [Anonymous Symbol]                       0x080024ac   Section        0  stm32g4xx_hal_uart.o(.text.HAL_UART_IRQHandler)
    [Anonymous Symbol]                       0x080026b4   Section        0  stm32g4xx_hal_uart.o(.text.HAL_UART_Init)
    [Anonymous Symbol]                       0x08002718   Section        0  usart.o(.text.HAL_UART_MspInit)
    [Anonymous Symbol]                       0x080027bc   Section        0  stm32g4xx_hal_uart.o(.text.HAL_UART_Receive_IT)
    [Anonymous Symbol]                       0x080028c8   Section        0  usart.o(.text.HAL_UART_RxCpltCallback)
    [Anonymous Symbol]                       0x0800291c   Section        0  stm32g4xx_hal_uart.o(.text.HAL_UART_Transmit)
    [Anonymous Symbol]                       0x080029f4   Section        0  stm32g4xx_hal_uart.o(.text.HAL_UART_TxCpltCallback)
    [Anonymous Symbol]                       0x080029f8   Section        0  stm32g4xx_it.o(.text.HardFault_Handler)
    [Anonymous Symbol]                       0x080029fc   Section        0  key.o(.text.KEY_Init)
    [Anonymous Symbol]                       0x08002a0c   Section        0  key.o(.text.KEY_Process)
    [Anonymous Symbol]                       0x08002ad0   Section        0  lcd.o(.text.LCD_Clear)
    [Anonymous Symbol]                       0x08002d54   Section        0  lcd.o(.text.LCD_DisplayStringLine)
    [Anonymous Symbol]                       0x08002da0   Section        0  lcd.o(.text.LCD_DrawChar)
    [Anonymous Symbol]                       0x08003100   Section        0  lcd.o(.text.LCD_Init)
    [Anonymous Symbol]                       0x08003338   Section        0  lcd.o(.text.LCD_SetBackColor)
    [Anonymous Symbol]                       0x08003350   Section        0  lcd.o(.text.LCD_SetTextColor)
    [Anonymous Symbol]                       0x08003368   Section        0  gpio.o(.text.LED_Disp)
    [Anonymous Symbol]                       0x08003398   Section        0  led.o(.text.LED_Init)
    [Anonymous Symbol]                       0x080033d0   Section        0  led.o(.text.LED_SetLD1OnTime)
    [Anonymous Symbol]                       0x080033d8   Section        0  led.o(.text.LED_SetLD2AlarmTime)
    [Anonymous Symbol]                       0x080033e0   Section        0  led.o(.text.LED_TurnOff)
    [Anonymous Symbol]                       0x080033f0   Section        0  led.o(.text.LED_TurnOn)
    [Anonymous Symbol]                       0x080033fc   Section        0  gpio.o(.text.MX_GPIO_Init)
    [Anonymous Symbol]                       0x080034e8   Section        0  tim.o(.text.MX_TIM2_Init)
    [Anonymous Symbol]                       0x080035b0   Section        0  usart.o(.text.MX_USART1_UART_Init)
    [Anonymous Symbol]                       0x08003634   Section        0  stm32g4xx_it.o(.text.MemManage_Handler)
    [Anonymous Symbol]                       0x08003638   Section        0  stm32g4xx_it.o(.text.NMI_Handler)
    [Anonymous Symbol]                       0x0800363c   Section        0  pwm.o(.text.PWM_SetOutput)
    [Anonymous Symbol]                       0x08003640   Section        0  stm32g4xx_it.o(.text.PendSV_Handler)
    [Anonymous Symbol]                       0x08003644   Section        0  lcd.o(.text.REG_8230_Init)
    [Anonymous Symbol]                       0x0800412c   Section        0  lcd.o(.text.REG_932X_Init)
    [Anonymous Symbol]                       0x0800564c   Section        0  stm32g4xx_it.o(.text.SVC_Handler)
    [Anonymous Symbol]                       0x08005650   Section        0  stm32g4xx_it.o(.text.SysTick_Handler)
    [Anonymous Symbol]                       0x08005654   Section        0  system_stm32g4xx.o(.text.SystemInit)
    [Anonymous Symbol]                       0x08005668   Section        0  stm32g4xx_hal_tim.o(.text.TIM_Base_SetConfig)
    [Anonymous Symbol]                       0x0800578c   Section        0  stm32g4xx_hal_uart.o(.text.UART_AdvFeatureConfig)
    [Anonymous Symbol]                       0x08005874   Section        0  stm32g4xx_hal_uart.o(.text.UART_CheckIdleState)
    UART_DMAAbortOnError                     0x08005925   Thumb Code    16  stm32g4xx_hal_uart.o(.text.UART_DMAAbortOnError)
    [Anonymous Symbol]                       0x08005924   Section        0  stm32g4xx_hal_uart.o(.text.UART_DMAAbortOnError)
    [Anonymous Symbol]                       0x08005934   Section        0  usart.o(.text.UART_Init)
    [Anonymous Symbol]                       0x08005950   Section        0  usart.o(.text.UART_Process)
    UART_RxISR_16BIT                         0x0800597d   Thumb Code    90  stm32g4xx_hal_uart.o(.text.UART_RxISR_16BIT)
    [Anonymous Symbol]                       0x0800597c   Section        0  stm32g4xx_hal_uart.o(.text.UART_RxISR_16BIT)
    UART_RxISR_16BIT_FIFOEN                  0x080059d9   Thumb Code   168  stm32g4xx_hal_uart.o(.text.UART_RxISR_16BIT_FIFOEN)
    [Anonymous Symbol]                       0x080059d8   Section        0  stm32g4xx_hal_uart.o(.text.UART_RxISR_16BIT_FIFOEN)
    UART_RxISR_8BIT                          0x08005a81   Thumb Code    90  stm32g4xx_hal_uart.o(.text.UART_RxISR_8BIT)
    [Anonymous Symbol]                       0x08005a80   Section        0  stm32g4xx_hal_uart.o(.text.UART_RxISR_8BIT)
    UART_RxISR_8BIT_FIFOEN                   0x08005add   Thumb Code   172  stm32g4xx_hal_uart.o(.text.UART_RxISR_8BIT_FIFOEN)
    [Anonymous Symbol]                       0x08005adc   Section        0  stm32g4xx_hal_uart.o(.text.UART_RxISR_8BIT_FIFOEN)
    [Anonymous Symbol]                       0x08005b88   Section        0  usart.o(.text.UART_SendString)
    [Anonymous Symbol]                       0x08005bc4   Section        0  stm32g4xx_hal_uart.o(.text.UART_SetConfig)
    [Anonymous Symbol]                       0x08005e4c   Section        0  stm32g4xx_hal_uart.o(.text.UART_WaitOnFlagUntilTimeout)
    [Anonymous Symbol]                       0x08005f40   Section        0  stm32g4xx_it.o(.text.USART1_IRQHandler)
    [Anonymous Symbol]                       0x08005f4c   Section        0  stm32g4xx_it.o(.text.UsageFault_Handler)
    [Anonymous Symbol]                       0x08005f50   Section        0  main.o(.text.main)
    $v0                                      0x0800600e   Number         0  fpinit.o(x$fpl$fpinit)
    x$fpl$fpinit                             0x0800600e   Section       26  fpinit.o(x$fpl$fpinit)
    .Lswitch.table.UART_SetConfig.4          0x08007228   Data          16  stm32g4xx_hal_uart.o(.rodata.cst16)
    .L__const.UARTEx_SetNbDataToProcess.numerator 0x08007238   Data           8  stm32g4xx_hal_uart_ex.o(.rodata.cst8)
    .L__const.UARTEx_SetNbDataToProcess.denominator 0x08007240   Data           8  stm32g4xx_hal_uart_ex.o(.rodata.cst8)
    .L_MergedGlobals                         0x20000000   Data           8  stm32g4xx_hal.o(.data..L_MergedGlobals)
    [Anonymous Symbol]                       0x20000000   Section        0  stm32g4xx_hal.o(.data..L_MergedGlobals)
    BackColor                                0x20000008   Data           2  lcd.o(.data.BackColor)
    [Anonymous Symbol]                       0x20000008   Section        0  lcd.o(.data.BackColor)
    .bss                                     0x20000010   Section       96  libspace.o(.bss)
    .L_MergedGlobals                         0x20000070   Data          28  usart.o(.bss..L_MergedGlobals)
    g_uart_rx_index                          0x20000070   Data           1  usart.o(.bss..L_MergedGlobals)
    [Anonymous Symbol]                       0x20000070   Section        0  usart.o(.bss..L_MergedGlobals)
    g_uart_rx_data                           0x20000071   Data           1  usart.o(.bss..L_MergedGlobals)
    UART_Process.last_rx_time                0x20000074   Data           4  usart.o(.bss..L_MergedGlobals)
    g_uart_rx_buf                            0x20000078   Data          20  usart.o(.bss..L_MergedGlobals)
    .L_MergedGlobals                         0x2000008c   Data          72  app.o(.bss..L_MergedGlobals)
    g_lcd_buf                                0x2000008c   Data          20  app.o(.bss..L_MergedGlobals)
    [Anonymous Symbol]                       0x2000008c   Section        0  app.o(.bss..L_MergedGlobals)
    g_app                                    0x200000a0   Data          52  app.o(.bss..L_MergedGlobals)
    .L_MergedGlobals                         0x200000d4   Data           8  key.o(.bss..L_MergedGlobals)
    g_key_old.0                              0x200000d4   Data           1  key.o(.bss..L_MergedGlobals)
    [Anonymous Symbol]                       0x200000d4   Section        0  key.o(.bss..L_MergedGlobals)
    g_key_old.1                              0x200000d5   Data           1  key.o(.bss..L_MergedGlobals)
    g_key_old.2                              0x200000d6   Data           1  key.o(.bss..L_MergedGlobals)
    g_key_old.3                              0x200000d7   Data           1  key.o(.bss..L_MergedGlobals)
    g_key_tick                               0x200000d8   Data           4  key.o(.bss..L_MergedGlobals)
    TextColor                                0x200000dc   Data           2  lcd.o(.bss.TextColor)
    [Anonymous Symbol]                       0x200000dc   Section        0  lcd.o(.bss.TextColor)
    Heap_Mem                                 0x200001c0   Data         512  startup_stm32g431xx.o(HEAP)
    HEAP                                     0x200001c0   Section      512  startup_stm32g431xx.o(HEAP)
    Stack_Mem                                0x200003c0   Data        1024  startup_stm32g431xx.o(STACK)
    STACK                                    0x200003c0   Section     1024  startup_stm32g431xx.o(STACK)
    __initial_sp                             0x200007c0   Data           0  startup_stm32g431xx.o(STACK)

    Global Symbols

    Symbol Name                              Value     Ov Type        Size  Object(Section)

    BuildAttributes$$THM_ISAv4$E$P$D$K$B$S$7EM$VFPi3$EXTD16$VFPS$VFMA$PE$A:L22UL41UL21$X:L11$S22US41US21$IEEE1$IW$~IW$USESV6$~STKCKD$USESV7$~SHL$OTIME$ROPI$EBA8$UX$STANDARDLIB$REQ8$PRES8$EABIv2 0x00000000   Number         0  anon$$obj.o ABSOLUTE
    __ARM_exceptions_init                     - Undefined Weak Reference
    __alloca_initialize                       - Undefined Weak Reference
    __arm_preinit_                            - Undefined Weak Reference
    __arm_relocate_pie_                       - Undefined Weak Reference
    __cpp_initialize__aeabi_                  - Undefined Weak Reference
    __cxa_finalize                            - Undefined Weak Reference
    __rt_locale                               - Undefined Weak Reference
    __sigvec_lookup                           - Undefined Weak Reference
    _atexit_init                              - Undefined Weak Reference
    _call_atexit_fns                          - Undefined Weak Reference
    _clock_init                               - Undefined Weak Reference
    _fp_trap_init                             - Undefined Weak Reference
    _fp_trap_shutdown                         - Undefined Weak Reference
    _get_lc_collate                           - Undefined Weak Reference
    _get_lc_ctype                             - Undefined Weak Reference
    _get_lc_monetary                          - Undefined Weak Reference
    _get_lc_numeric                           - Undefined Weak Reference
    _get_lc_time                              - Undefined Weak Reference
    _getenv_init                              - Undefined Weak Reference
    _handle_redirection                       - Undefined Weak Reference
    _init_alloc                               - Undefined Weak Reference
    _init_user_alloc                          - Undefined Weak Reference
    _initio                                   - Undefined Weak Reference
    _printf_mbtowc                            - Undefined Weak Reference
    _printf_post_padding                      - Undefined Weak Reference
    _printf_pre_padding                       - Undefined Weak Reference
    _printf_truncate_signed                   - Undefined Weak Reference
    _printf_truncate_unsigned                 - Undefined Weak Reference
    _rand_init                                - Undefined Weak Reference
    _signal_finish                            - Undefined Weak Reference
    _signal_init                              - Undefined Weak Reference
    _terminate_alloc                          - Undefined Weak Reference
    _terminate_user_alloc                     - Undefined Weak Reference
    _terminateio                              - Undefined Weak Reference
    __Vectors_Size                           0x000001d8   Number         0  startup_stm32g431xx.o ABSOLUTE
    __Vectors                                0x08000000   Data           4  startup_stm32g431xx.o(RESET)
    __Vectors_End                            0x080001d8   Data           0  startup_stm32g431xx.o(RESET)
    __main                                   0x080001d9   Thumb Code     8  __main.o(!!!main)
    __scatterload                            0x080001e1   Thumb Code     0  __scatter.o(!!!scatter)
    __scatterload_rt2                        0x080001e1   Thumb Code    84  __scatter.o(!!!scatter)
    __scatterload_rt2_thumb_only             0x080001e1   Thumb Code     0  __scatter.o(!!!scatter)
    __scatterload_loop                       0x080001eb   Thumb Code     0  __scatter.o(!!!scatter)
    __scatterload_copy                       0x0800023d   Thumb Code    26  __scatter_copy.o(!!handler_copy)
    __scatterload_null                       0x08000259   Thumb Code     2  __scatter.o(!!handler_null)
    __scatterload_zeroinit                   0x0800025d   Thumb Code    28  __scatter_zi.o(!!handler_zi)
    _printf_d                                0x08000279   Thumb Code     0  _printf_d.o(.ARM.Collect$$_printf_percent$$00000009)
    _printf_percent                          0x08000279   Thumb Code     0  _printf_percent.o(.ARM.Collect$$_printf_percent$$00000000)
    _printf_c                                0x0800027f   Thumb Code     0  _printf_c.o(.ARM.Collect$$_printf_percent$$00000013)
    _printf_percent_end                      0x08000285   Thumb Code     0  _printf_percent_end.o(.ARM.Collect$$_printf_percent$$00000017)
    __rt_lib_init                            0x08000289   Thumb Code     0  libinit.o(.ARM.Collect$$libinit$$00000000)
    __rt_lib_init_fp_1                       0x0800028b   Thumb Code     0  libinit2.o(.ARM.Collect$$libinit$$00000001)
    __rt_lib_init_alloca_1                   0x0800028f   Thumb Code     0  libinit2.o(.ARM.Collect$$libinit$$00000030)
    __rt_lib_init_argv_1                     0x0800028f   Thumb Code     0  libinit2.o(.ARM.Collect$$libinit$$0000002E)
    __rt_lib_init_atexit_1                   0x0800028f   Thumb Code     0  libinit2.o(.ARM.Collect$$libinit$$0000001D)
    __rt_lib_init_clock_1                    0x0800028f   Thumb Code     0  libinit2.o(.ARM.Collect$$libinit$$00000023)
    __rt_lib_init_cpp_1                      0x0800028f   Thumb Code     0  libinit2.o(.ARM.Collect$$libinit$$00000034)
    __rt_lib_init_exceptions_1               0x0800028f   Thumb Code     0  libinit2.o(.ARM.Collect$$libinit$$00000032)
    __rt_lib_init_fp_trap_1                  0x0800028f   Thumb Code     0  libinit2.o(.ARM.Collect$$libinit$$00000021)
    __rt_lib_init_getenv_1                   0x0800028f   Thumb Code     0  libinit2.o(.ARM.Collect$$libinit$$00000025)
    __rt_lib_init_heap_1                     0x0800028f   Thumb Code     0  libinit2.o(.ARM.Collect$$libinit$$0000000C)
    __rt_lib_init_lc_collate_1               0x0800028f   Thumb Code     0  libinit2.o(.ARM.Collect$$libinit$$00000013)
    __rt_lib_init_lc_ctype_1                 0x0800028f   Thumb Code     0  libinit2.o(.ARM.Collect$$libinit$$00000015)
    __rt_lib_init_lc_monetary_1              0x0800028f   Thumb Code     0  libinit2.o(.ARM.Collect$$libinit$$00000017)
    __rt_lib_init_lc_numeric_1               0x0800028f   Thumb Code     0  libinit2.o(.ARM.Collect$$libinit$$00000019)
    __rt_lib_init_lc_time_1                  0x0800028f   Thumb Code     0  libinit2.o(.ARM.Collect$$libinit$$0000001B)
    __rt_lib_init_preinit_1                  0x0800028f   Thumb Code     0  libinit2.o(.ARM.Collect$$libinit$$00000006)
    __rt_lib_init_rand_1                     0x0800028f   Thumb Code     0  libinit2.o(.ARM.Collect$$libinit$$00000010)
    __rt_lib_init_relocate_pie_1             0x0800028f   Thumb Code     0  libinit2.o(.ARM.Collect$$libinit$$00000004)
    __rt_lib_init_return                     0x0800028f   Thumb Code     0  libinit2.o(.ARM.Collect$$libinit$$00000035)
    __rt_lib_init_signal_1                   0x0800028f   Thumb Code     0  libinit2.o(.ARM.Collect$$libinit$$0000001F)
    __rt_lib_init_stdio_1                    0x0800028f   Thumb Code     0  libinit2.o(.ARM.Collect$$libinit$$00000027)
    __rt_lib_init_user_alloc_1               0x0800028f   Thumb Code     0  libinit2.o(.ARM.Collect$$libinit$$0000000E)
    __rt_lib_shutdown                        0x08000291   Thumb Code     0  libshutdown.o(.ARM.Collect$$libshutdown$$00000000)
    __rt_lib_shutdown_cpp_1                  0x08000293   Thumb Code     0  libshutdown2.o(.ARM.Collect$$libshutdown$$00000002)
    __rt_lib_shutdown_fp_trap_1              0x08000293   Thumb Code     0  libshutdown2.o(.ARM.Collect$$libshutdown$$00000007)
    __rt_lib_shutdown_heap_1                 0x08000293   Thumb Code     0  libshutdown2.o(.ARM.Collect$$libshutdown$$0000000F)
    __rt_lib_shutdown_return                 0x08000293   Thumb Code     0  libshutdown2.o(.ARM.Collect$$libshutdown$$00000010)
    __rt_lib_shutdown_signal_1               0x08000293   Thumb Code     0  libshutdown2.o(.ARM.Collect$$libshutdown$$0000000A)
    __rt_lib_shutdown_stdio_1                0x08000293   Thumb Code     0  libshutdown2.o(.ARM.Collect$$libshutdown$$00000004)
    __rt_lib_shutdown_user_alloc_1           0x08000293   Thumb Code     0  libshutdown2.o(.ARM.Collect$$libshutdown$$0000000C)
    __rt_entry                               0x08000295   Thumb Code     0  __rtentry.o(.ARM.Collect$$rtentry$$00000000)
    __rt_entry_presh_1                       0x08000295   Thumb Code     0  __rtentry2.o(.ARM.Collect$$rtentry$$00000002)
    __rt_entry_sh                            0x08000295   Thumb Code     0  __rtentry4.o(.ARM.Collect$$rtentry$$00000004)
    __rt_entry_li                            0x0800029b   Thumb Code     0  __rtentry2.o(.ARM.Collect$$rtentry$$0000000A)
    __rt_entry_postsh_1                      0x0800029b   Thumb Code     0  __rtentry2.o(.ARM.Collect$$rtentry$$00000009)
    __rt_entry_main                          0x0800029f   Thumb Code     0  __rtentry2.o(.ARM.Collect$$rtentry$$0000000D)
    __rt_entry_postli_1                      0x0800029f   Thumb Code     0  __rtentry2.o(.ARM.Collect$$rtentry$$0000000C)
    __rt_exit                                0x080002a7   Thumb Code     0  rtexit.o(.ARM.Collect$$rtexit$$00000000)
    __rt_exit_ls                             0x080002a9   Thumb Code     0  rtexit2.o(.ARM.Collect$$rtexit$$00000003)
    __rt_exit_prels_1                        0x080002a9   Thumb Code     0  rtexit2.o(.ARM.Collect$$rtexit$$00000002)
    __rt_exit_exit                           0x080002ad   Thumb Code     0  rtexit2.o(.ARM.Collect$$rtexit$$00000004)
    Reset_Handler                            0x080002b5   Thumb Code     8  startup_stm32g431xx.o(.text)
    ADC1_2_IRQHandler                        0x080002cf   Thumb Code     0  startup_stm32g431xx.o(.text)
    COMP1_2_3_IRQHandler                     0x080002cf   Thumb Code     0  startup_stm32g431xx.o(.text)
    COMP4_IRQHandler                         0x080002cf   Thumb Code     0  startup_stm32g431xx.o(.text)
    CORDIC_IRQHandler                        0x080002cf   Thumb Code     0  startup_stm32g431xx.o(.text)
    CRS_IRQHandler                           0x080002cf   Thumb Code     0  startup_stm32g431xx.o(.text)
    DMA1_Channel1_IRQHandler                 0x080002cf   Thumb Code     0  startup_stm32g431xx.o(.text)
    DMA1_Channel2_IRQHandler                 0x080002cf   Thumb Code     0  startup_stm32g431xx.o(.text)
    DMA1_Channel3_IRQHandler                 0x080002cf   Thumb Code     0  startup_stm32g431xx.o(.text)
    DMA1_Channel4_IRQHandler                 0x080002cf   Thumb Code     0  startup_stm32g431xx.o(.text)
    DMA1_Channel5_IRQHandler                 0x080002cf   Thumb Code     0  startup_stm32g431xx.o(.text)
    DMA1_Channel6_IRQHandler                 0x080002cf   Thumb Code     0  startup_stm32g431xx.o(.text)
    DMA2_Channel1_IRQHandler                 0x080002cf   Thumb Code     0  startup_stm32g431xx.o(.text)
    DMA2_Channel2_IRQHandler                 0x080002cf   Thumb Code     0  startup_stm32g431xx.o(.text)
    DMA2_Channel3_IRQHandler                 0x080002cf   Thumb Code     0  startup_stm32g431xx.o(.text)
    DMA2_Channel4_IRQHandler                 0x080002cf   Thumb Code     0  startup_stm32g431xx.o(.text)
    DMA2_Channel5_IRQHandler                 0x080002cf   Thumb Code     0  startup_stm32g431xx.o(.text)
    DMA2_Channel6_IRQHandler                 0x080002cf   Thumb Code     0  startup_stm32g431xx.o(.text)
    DMAMUX_OVR_IRQHandler                    0x080002cf   Thumb Code     0  startup_stm32g431xx.o(.text)
    EXTI0_IRQHandler                         0x080002cf   Thumb Code     0  startup_stm32g431xx.o(.text)
    EXTI15_10_IRQHandler                     0x080002cf   Thumb Code     0  startup_stm32g431xx.o(.text)
    EXTI1_IRQHandler                         0x080002cf   Thumb Code     0  startup_stm32g431xx.o(.text)
    EXTI2_IRQHandler                         0x080002cf   Thumb Code     0  startup_stm32g431xx.o(.text)
    EXTI3_IRQHandler                         0x080002cf   Thumb Code     0  startup_stm32g431xx.o(.text)
    EXTI4_IRQHandler                         0x080002cf   Thumb Code     0  startup_stm32g431xx.o(.text)
    EXTI9_5_IRQHandler                       0x080002cf   Thumb Code     0  startup_stm32g431xx.o(.text)
    FDCAN1_IT0_IRQHandler                    0x080002cf   Thumb Code     0  startup_stm32g431xx.o(.text)
    FDCAN1_IT1_IRQHandler                    0x080002cf   Thumb Code     0  startup_stm32g431xx.o(.text)
    FLASH_IRQHandler                         0x080002cf   Thumb Code     0  startup_stm32g431xx.o(.text)
    FMAC_IRQHandler                          0x080002cf   Thumb Code     0  startup_stm32g431xx.o(.text)
    FPU_IRQHandler                           0x080002cf   Thumb Code     0  startup_stm32g431xx.o(.text)
    I2C1_ER_IRQHandler                       0x080002cf   Thumb Code     0  startup_stm32g431xx.o(.text)
    I2C1_EV_IRQHandler                       0x080002cf   Thumb Code     0  startup_stm32g431xx.o(.text)
    I2C2_ER_IRQHandler                       0x080002cf   Thumb Code     0  startup_stm32g431xx.o(.text)
    I2C2_EV_IRQHandler                       0x080002cf   Thumb Code     0  startup_stm32g431xx.o(.text)
    I2C3_ER_IRQHandler                       0x080002cf   Thumb Code     0  startup_stm32g431xx.o(.text)
    I2C3_EV_IRQHandler                       0x080002cf   Thumb Code     0  startup_stm32g431xx.o(.text)
    LPTIM1_IRQHandler                        0x080002cf   Thumb Code     0  startup_stm32g431xx.o(.text)
    LPUART1_IRQHandler                       0x080002cf   Thumb Code     0  startup_stm32g431xx.o(.text)
    PVD_PVM_IRQHandler                       0x080002cf   Thumb Code     0  startup_stm32g431xx.o(.text)
    RCC_IRQHandler                           0x080002cf   Thumb Code     0  startup_stm32g431xx.o(.text)
    RNG_IRQHandler                           0x080002cf   Thumb Code     0  startup_stm32g431xx.o(.text)
    RTC_Alarm_IRQHandler                     0x080002cf   Thumb Code     0  startup_stm32g431xx.o(.text)
    RTC_TAMP_LSECSS_IRQHandler               0x080002cf   Thumb Code     0  startup_stm32g431xx.o(.text)
    RTC_WKUP_IRQHandler                      0x080002cf   Thumb Code     0  startup_stm32g431xx.o(.text)
    SAI1_IRQHandler                          0x080002cf   Thumb Code     0  startup_stm32g431xx.o(.text)
    SPI1_IRQHandler                          0x080002cf   Thumb Code     0  startup_stm32g431xx.o(.text)
    SPI2_IRQHandler                          0x080002cf   Thumb Code     0  startup_stm32g431xx.o(.text)
    SPI3_IRQHandler                          0x080002cf   Thumb Code     0  startup_stm32g431xx.o(.text)
    TIM1_BRK_TIM15_IRQHandler                0x080002cf   Thumb Code     0  startup_stm32g431xx.o(.text)
    TIM1_CC_IRQHandler                       0x080002cf   Thumb Code     0  startup_stm32g431xx.o(.text)
    TIM1_TRG_COM_TIM17_IRQHandler            0x080002cf   Thumb Code     0  startup_stm32g431xx.o(.text)
    TIM1_UP_TIM16_IRQHandler                 0x080002cf   Thumb Code     0  startup_stm32g431xx.o(.text)
    TIM2_IRQHandler                          0x080002cf   Thumb Code     0  startup_stm32g431xx.o(.text)
    TIM3_IRQHandler                          0x080002cf   Thumb Code     0  startup_stm32g431xx.o(.text)
    TIM4_IRQHandler                          0x080002cf   Thumb Code     0  startup_stm32g431xx.o(.text)
    TIM6_DAC_IRQHandler                      0x080002cf   Thumb Code     0  startup_stm32g431xx.o(.text)
    TIM7_IRQHandler                          0x080002cf   Thumb Code     0  startup_stm32g431xx.o(.text)
    TIM8_BRK_IRQHandler                      0x080002cf   Thumb Code     0  startup_stm32g431xx.o(.text)
    TIM8_CC_IRQHandler                       0x080002cf   Thumb Code     0  startup_stm32g431xx.o(.text)
    TIM8_TRG_COM_IRQHandler                  0x080002cf   Thumb Code     0  startup_stm32g431xx.o(.text)
    TIM8_UP_IRQHandler                       0x080002cf   Thumb Code     0  startup_stm32g431xx.o(.text)
    UART4_IRQHandler                         0x080002cf   Thumb Code     0  startup_stm32g431xx.o(.text)
    UCPD1_IRQHandler                         0x080002cf   Thumb Code     0  startup_stm32g431xx.o(.text)
    USART2_IRQHandler                        0x080002cf   Thumb Code     0  startup_stm32g431xx.o(.text)
    USART3_IRQHandler                        0x080002cf   Thumb Code     0  startup_stm32g431xx.o(.text)
    USBWakeUp_IRQHandler                     0x080002cf   Thumb Code     0  startup_stm32g431xx.o(.text)
    USB_HP_IRQHandler                        0x080002cf   Thumb Code     0  startup_stm32g431xx.o(.text)
    USB_LP_IRQHandler                        0x080002cf   Thumb Code     0  startup_stm32g431xx.o(.text)
    WWDG_IRQHandler                          0x080002cf   Thumb Code     0  startup_stm32g431xx.o(.text)
    __user_initial_stackheap                 0x080002d1   Thumb Code     0  startup_stm32g431xx.o(.text)
    __aeabi_uldivmod                         0x080002f5   Thumb Code     0  lludivv7m.o(.text)
    _ll_udiv                                 0x080002f5   Thumb Code   240  lludivv7m.o(.text)
    __2sprintf                               0x080003e5   Thumb Code    34  noretval__2sprintf.o(.text)
    __printf                                 0x0800040d   Thumb Code   104  __printf.o(.text)
    _printf_str                              0x08000475   Thumb Code    82  _printf_str.o(.text)
    _printf_int_dec                          0x080004c9   Thumb Code   104  _printf_dec.o(.text)
    strcpy                                   0x08000541   Thumb Code    72  strcpy.o(.text)
    strlen                                   0x08000589   Thumb Code    62  strlen.o(.text)
    strncmp                                  0x080005c7   Thumb Code   150  strncmp.o(.text)
    __aeabi_memclr4                          0x0800065d   Thumb Code     0  rt_memclr_w.o(.text)
    __aeabi_memclr8                          0x0800065d   Thumb Code     0  rt_memclr_w.o(.text)
    __rt_memclr_w                            0x0800065d   Thumb Code     0  rt_memclr_w.o(.text)
    _memset_w                                0x08000661   Thumb Code    74  rt_memclr_w.o(.text)
    strncpy                                  0x080006ab   Thumb Code    86  strncpy.o(.text)
    strcmp                                   0x08000701   Thumb Code   124  strcmpv7em.o(.text)
    __use_two_region_memory                  0x0800077d   Thumb Code     2  heapauxi.o(.text)
    __rt_heap_escrow$2region                 0x0800077f   Thumb Code     2  heapauxi.o(.text)
    __rt_heap_expand$2region                 0x08000781   Thumb Code     2  heapauxi.o(.text)
    _printf_int_common                       0x08000783   Thumb Code   178  _printf_intcommon.o(.text)
    _printf_char_common                      0x0800083f   Thumb Code    32  _printf_char_common.o(.text)
    _sputc                                   0x08000865   Thumb Code    10  _sputc.o(.text)
    _printf_cs_common                        0x0800086f   Thumb Code    20  _printf_char.o(.text)
    _printf_char                             0x08000883   Thumb Code    16  _printf_char.o(.text)
    _printf_string                           0x08000893   Thumb Code     8  _printf_char.o(.text)
    __aeabi_memclr                           0x0800089b   Thumb Code     0  rt_memclr.o(.text)
    __rt_memclr                              0x0800089b   Thumb Code     0  rt_memclr.o(.text)
    _memset                                  0x0800089f   Thumb Code    64  rt_memclr.o(.text)
    __user_setup_stackheap                   0x080008df   Thumb Code    74  sys_stackheap_outer.o(.text)
    exit                                     0x08000929   Thumb Code    18  exit.o(.text)
    __user_libspace                          0x0800093d   Thumb Code     8  libspace.o(.text)
    __user_perproc_libspace                  0x0800093d   Thumb Code     0  libspace.o(.text)
    __user_perthread_libspace                0x0800093d   Thumb Code     0  libspace.o(.text)
    _sys_exit                                0x08000945   Thumb Code     8  sys_exit.o(.text)
    __I$use$semihosting                      0x08000951   Thumb Code     0  use_no_semi.o(.text)
    __use_no_semihosting_swi                 0x08000951   Thumb Code     2  use_no_semi.o(.text)
    __semihosting_library_function           0x08000953   Thumb Code     0  indicate_semi.o(.text)
    APP_HandleKeyInput                       0x08000955   Thumb Code   200  app.o(.text.APP_HandleKeyInput)
    APP_HandleUARTPassword                   0x08000a1d   Thumb Code   100  app.o(.text.APP_HandleUARTPassword)
    APP_Init                                 0x08000aa9   Thumb Code    78  app.o(.text.APP_Init)
    APP_Process                              0x08000af9   Thumb Code   284  app.o(.text.APP_Process)
    BusFault_Handler                         0x08000c7d   Thumb Code     2  stm32g4xx_it.o(.text.BusFault_Handler)
    DebugMon_Handler                         0x08000c81   Thumb Code     2  stm32g4xx_it.o(.text.DebugMon_Handler)
    Error_Handler                            0x08000c85   Thumb Code    10  main.o(.text.Error_Handler)
    HAL_DMA_Abort_IT                         0x08000c91   Thumb Code   128  stm32g4xx_hal_dma.o(.text.HAL_DMA_Abort_IT)
    HAL_Delay                                0x08000d11   Thumb Code    40  stm32g4xx_hal.o(.text.HAL_Delay)
    HAL_GPIO_Init                            0x08000d39   Thumb Code   450  stm32g4xx_hal_gpio.o(.text.HAL_GPIO_Init)
    HAL_GPIO_ReadPin                         0x08000efd   Thumb Code    10  stm32g4xx_hal_gpio.o(.text.HAL_GPIO_ReadPin)
    HAL_GPIO_WritePin                        0x08000f09   Thumb Code    12  stm32g4xx_hal_gpio.o(.text.HAL_GPIO_WritePin)
    HAL_GetTick                              0x08000f15   Thumb Code    12  stm32g4xx_hal.o(.text.HAL_GetTick)
    HAL_IncTick                              0x08000f21   Thumb Code    26  stm32g4xx_hal.o(.text.HAL_IncTick)
    HAL_Init                                 0x08000f3d   Thumb Code    30  stm32g4xx_hal.o(.text.HAL_Init)
    HAL_InitTick                             0x08000f5d   Thumb Code    80  stm32g4xx_hal.o(.text.HAL_InitTick)
    HAL_MspInit                              0x08000fad   Thumb Code    52  stm32g4xx_hal_msp.o(.text.HAL_MspInit)
    HAL_NVIC_EnableIRQ                       0x08000fe1   Thumb Code    34  stm32g4xx_hal_cortex.o(.text.HAL_NVIC_EnableIRQ)
    HAL_NVIC_SetPriority                     0x08001005   Thumb Code    86  stm32g4xx_hal_cortex.o(.text.HAL_NVIC_SetPriority)
    HAL_NVIC_SetPriorityGrouping             0x0800105d   Thumb Code    32  stm32g4xx_hal_cortex.o(.text.HAL_NVIC_SetPriorityGrouping)
    HAL_PWREx_ControlVoltageScaling          0x0800107d   Thumb Code   270  stm32g4xx_hal_pwr_ex.o(.text.HAL_PWREx_ControlVoltageScaling)
    HAL_PWREx_DisableUCPDDeadBattery         0x0800118d   Thumb Code    18  stm32g4xx_hal_pwr_ex.o(.text.HAL_PWREx_DisableUCPDDeadBattery)
    HAL_RCCEx_PeriphCLKConfig                0x080011a1   Thumb Code   618  stm32g4xx_hal_rcc_ex.o(.text.HAL_RCCEx_PeriphCLKConfig)
    HAL_RCC_ClockConfig                      0x0800140d   Thumb Code   772  stm32g4xx_hal_rcc.o(.text.HAL_RCC_ClockConfig)
    HAL_RCC_GetPCLK1Freq                     0x08001711   Thumb Code    42  stm32g4xx_hal_rcc.o(.text.HAL_RCC_GetPCLK1Freq)
    HAL_RCC_GetPCLK2Freq                     0x0800173d   Thumb Code    42  stm32g4xx_hal_rcc.o(.text.HAL_RCC_GetPCLK2Freq)
    HAL_RCC_GetSysClockFreq                  0x08001769   Thumb Code   130  stm32g4xx_hal_rcc.o(.text.HAL_RCC_GetSysClockFreq)
    HAL_RCC_OscConfig                        0x080017ed   Thumb Code  1236  stm32g4xx_hal_rcc.o(.text.HAL_RCC_OscConfig)
    HAL_SYSTICK_Config                       0x08001cc1   Thumb Code    44  stm32g4xx_hal_cortex.o(.text.HAL_SYSTICK_Config)
    HAL_TIMEx_MasterConfigSynchronization    0x08001ced   Thumb Code   166  stm32g4xx_hal_tim_ex.o(.text.HAL_TIMEx_MasterConfigSynchronization)
    HAL_TIM_PWM_ConfigChannel                0x08001d95   Thumb Code   954  stm32g4xx_hal_tim.o(.text.HAL_TIM_PWM_ConfigChannel)
    HAL_TIM_PWM_Init                         0x08002151   Thumb Code    98  stm32g4xx_hal_tim.o(.text.HAL_TIM_PWM_Init)
    HAL_TIM_PWM_MspInit                      0x080021b5   Thumb Code    42  tim.o(.text.HAL_TIM_PWM_MspInit)
    HAL_TIM_PWM_Start                        0x080021e1   Thumb Code   362  stm32g4xx_hal_tim.o(.text.HAL_TIM_PWM_Start)
    HAL_UARTEx_DisableFifoMode               0x0800234d   Thumb Code    54  stm32g4xx_hal_uart_ex.o(.text.HAL_UARTEx_DisableFifoMode)
    HAL_UARTEx_RxFifoFullCallback            0x08002385   Thumb Code     2  stm32g4xx_hal_uart_ex.o(.text.HAL_UARTEx_RxFifoFullCallback)
    HAL_UARTEx_SetRxFifoThreshold            0x08002389   Thumb Code   140  stm32g4xx_hal_uart_ex.o(.text.HAL_UARTEx_SetRxFifoThreshold)
    HAL_UARTEx_SetTxFifoThreshold            0x08002415   Thumb Code   140  stm32g4xx_hal_uart_ex.o(.text.HAL_UARTEx_SetTxFifoThreshold)
    HAL_UARTEx_TxFifoEmptyCallback           0x080024a1   Thumb Code     2  stm32g4xx_hal_uart_ex.o(.text.HAL_UARTEx_TxFifoEmptyCallback)
    HAL_UARTEx_WakeupCallback                0x080024a5   Thumb Code     2  stm32g4xx_hal_uart_ex.o(.text.HAL_UARTEx_WakeupCallback)
    HAL_UART_ErrorCallback                   0x080024a9   Thumb Code     2  stm32g4xx_hal_uart.o(.text.HAL_UART_ErrorCallback)
    HAL_UART_IRQHandler                      0x080024ad   Thumb Code   520  stm32g4xx_hal_uart.o(.text.HAL_UART_IRQHandler)
    HAL_UART_Init                            0x080026b5   Thumb Code    98  stm32g4xx_hal_uart.o(.text.HAL_UART_Init)
    HAL_UART_MspInit                         0x08002719   Thumb Code   164  usart.o(.text.HAL_UART_MspInit)
    HAL_UART_Receive_IT                      0x080027bd   Thumb Code   266  stm32g4xx_hal_uart.o(.text.HAL_UART_Receive_IT)
    HAL_UART_RxCpltCallback                  0x080028c9   Thumb Code    82  usart.o(.text.HAL_UART_RxCpltCallback)
    HAL_UART_Transmit                        0x0800291d   Thumb Code   216  stm32g4xx_hal_uart.o(.text.HAL_UART_Transmit)
    HAL_UART_TxCpltCallback                  0x080029f5   Thumb Code     2  stm32g4xx_hal_uart.o(.text.HAL_UART_TxCpltCallback)
    HardFault_Handler                        0x080029f9   Thumb Code     2  stm32g4xx_it.o(.text.HardFault_Handler)
    KEY_Init                                 0x080029fd   Thumb Code    14  key.o(.text.KEY_Init)
    KEY_Process                              0x08002a0d   Thumb Code   194  key.o(.text.KEY_Process)
    LCD_Clear                                0x08002ad1   Thumb Code   644  lcd.o(.text.LCD_Clear)
    LCD_DisplayStringLine                    0x08002d55   Thumb Code    76  lcd.o(.text.LCD_DisplayStringLine)
    LCD_DrawChar                             0x08002da1   Thumb Code   864  lcd.o(.text.LCD_DrawChar)
    LCD_Init                                 0x08003101   Thumb Code   568  lcd.o(.text.LCD_Init)
    LCD_SetBackColor                         0x08003339   Thumb Code    24  lcd.o(.text.LCD_SetBackColor)
    LCD_SetTextColor                         0x08003351   Thumb Code    24  lcd.o(.text.LCD_SetTextColor)
    LED_Disp                                 0x08003369   Thumb Code    48  gpio.o(.text.LED_Disp)
    LED_Init                                 0x08003399   Thumb Code    54  led.o(.text.LED_Init)
    LED_SetLD1OnTime                         0x080033d1   Thumb Code     6  led.o(.text.LED_SetLD1OnTime)
    LED_SetLD2AlarmTime                      0x080033d9   Thumb Code     6  led.o(.text.LED_SetLD2AlarmTime)
    LED_TurnOff                              0x080033e1   Thumb Code    14  led.o(.text.LED_TurnOff)
    LED_TurnOn                               0x080033f1   Thumb Code    12  led.o(.text.LED_TurnOn)
    MX_GPIO_Init                             0x080033fd   Thumb Code   234  gpio.o(.text.MX_GPIO_Init)
    MX_TIM2_Init                             0x080034e9   Thumb Code   200  tim.o(.text.MX_TIM2_Init)
    MX_USART1_UART_Init                      0x080035b1   Thumb Code   130  usart.o(.text.MX_USART1_UART_Init)
    MemManage_Handler                        0x08003635   Thumb Code     2  stm32g4xx_it.o(.text.MemManage_Handler)
    NMI_Handler                              0x08003639   Thumb Code     2  stm32g4xx_it.o(.text.NMI_Handler)
    PWM_SetOutput                            0x0800363d   Thumb Code     2  pwm.o(.text.PWM_SetOutput)
    PendSV_Handler                           0x08003641   Thumb Code     2  stm32g4xx_it.o(.text.PendSV_Handler)
    REG_8230_Init                            0x08003645   Thumb Code  2790  lcd.o(.text.REG_8230_Init)
    REG_932X_Init                            0x0800412d   Thumb Code  5406  lcd.o(.text.REG_932X_Init)
    SVC_Handler                              0x0800564d   Thumb Code     2  stm32g4xx_it.o(.text.SVC_Handler)
    SysTick_Handler                          0x08005651   Thumb Code     4  stm32g4xx_it.o(.text.SysTick_Handler)
    SystemInit                               0x08005655   Thumb Code    18  system_stm32g4xx.o(.text.SystemInit)
    TIM_Base_SetConfig                       0x08005669   Thumb Code   292  stm32g4xx_hal_tim.o(.text.TIM_Base_SetConfig)
    UART_AdvFeatureConfig                    0x0800578d   Thumb Code   230  stm32g4xx_hal_uart.o(.text.UART_AdvFeatureConfig)
    UART_CheckIdleState                      0x08005875   Thumb Code   174  stm32g4xx_hal_uart.o(.text.UART_CheckIdleState)
    UART_Init                                0x08005935   Thumb Code    28  usart.o(.text.UART_Init)
    UART_Process                             0x08005951   Thumb Code    44  usart.o(.text.UART_Process)
    UART_SendString                          0x08005b89   Thumb Code    60  usart.o(.text.UART_SendString)
    UART_SetConfig                           0x08005bc5   Thumb Code   632  stm32g4xx_hal_uart.o(.text.UART_SetConfig)
    UART_WaitOnFlagUntilTimeout              0x08005e4d   Thumb Code   242  stm32g4xx_hal_uart.o(.text.UART_WaitOnFlagUntilTimeout)
    USART1_IRQHandler                        0x08005f41   Thumb Code    12  stm32g4xx_it.o(.text.USART1_IRQHandler)
    UsageFault_Handler                       0x08005f4d   Thumb Code     2  stm32g4xx_it.o(.text.UsageFault_Handler)
    main                                     0x08005f51   Thumb Code   190  main.o(.text.main)
    _fp_init                                 0x0800600f   Thumb Code    26  fpinit.o(x$fpl$fpinit)
    __fplib_config_fpu_vfp                   0x08006027   Thumb Code     0  fpinit.o(x$fpl$fpinit)
    __fplib_config_pureend_doubles           0x08006027   Thumb Code     0  fpinit.o(x$fpl$fpinit)
    AHBPrescTable                            0x08006028   Data          16  system_stm32g4xx.o(.rodata.AHBPrescTable)
    APBPrescTable                            0x08006038   Data           8  system_stm32g4xx.o(.rodata.APBPrescTable)
    ASCII_Table                              0x08006040   Data        4560  lcd.o(.rodata.ASCII_Table)
    UARTPrescTable                           0x08007210   Data          24  stm32g4xx_hal_uart.o(.rodata.UARTPrescTable)
    Region$$Table$$Base                      0x08007248   Number         0  anon$$obj.o(Region$$Table)
    Region$$Table$$Limit                     0x08007268   Number         0  anon$$obj.o(Region$$Table)
    uwTickPrio                               0x20000000   Data           4  stm32g4xx_hal.o(.data..L_MergedGlobals)
    uwTickFreq                               0x20000004   Data           4  stm32g4xx_hal.o(.data..L_MergedGlobals)
    SystemCoreClock                          0x2000000c   Data           4  system_stm32g4xx.o(.data.SystemCoreClock)
    __libspace_start                         0x20000010   Data          96  libspace.o(.bss)
    __temporary_stack_top$libspace           0x20000070   Data           0  libspace.o(.bss)
    dummy                                    0x200000de   Data           2  lcd.o(.bss.dummy)
    htim2                                    0x200000e0   Data          76  tim.o(.bss.htim2)
    huart1                                   0x2000012c   Data         140  usart.o(.bss.huart1)
    uwTick                                   0x200001b8   Data           4  stm32g4xx_hal.o(.bss.uwTick)



==============================================================================

Memory Map of the image

  Image Entry point : 0x080001d9

  Load Region LR_IROM1 (Base: 0x08000000, Size: 0x00007278, Max: 0x00020000, ABSOLUTE)

    Execution Region ER_IROM1 (Exec base: 0x08000000, Load base: 0x08000000, Size: 0x00007268, Max: 0x00020000, ABSOLUTE)

    Exec Addr    Load Addr    Size         Type   Attr      Idx    E Section Name        Object

    0x08000000   0x08000000   0x000001d8   Data   RO            3    RESET               startup_stm32g431xx.o
    0x080001d8   0x080001d8   0x00000008   Code   RO         1397  * !!!main             c_w.l(__main.o)
    0x080001e0   0x080001e0   0x0000005c   Code   RO         1585    !!!scatter          c_w.l(__scatter.o)
    0x0800023c   0x0800023c   0x0000001a   Code   RO         1589    !!handler_copy      c_w.l(__scatter_copy.o)
    0x08000256   0x08000256   0x00000002   PAD
    0x08000258   0x08000258   0x00000002   Code   RO         1586    !!handler_null      c_w.l(__scatter.o)
    0x0800025a   0x0800025a   0x00000002   PAD
    0x0800025c   0x0800025c   0x0000001c   Code   RO         1591    !!handler_zi        c_w.l(__scatter_zi.o)
    0x08000278   0x08000278   0x00000000   Code   RO         1382    .ARM.Collect$$_printf_percent$$00000000  c_w.l(_printf_percent.o)
    0x08000278   0x08000278   0x00000006   Code   RO         1381    .ARM.Collect$$_printf_percent$$00000009  c_w.l(_printf_d.o)
    0x0800027e   0x0800027e   0x00000006   Code   RO         1380    .ARM.Collect$$_printf_percent$$00000013  c_w.l(_printf_c.o)
    0x08000284   0x08000284   0x00000004   Code   RO         1412    .ARM.Collect$$_printf_percent$$00000017  c_w.l(_printf_percent_end.o)
    0x08000288   0x08000288   0x00000002   Code   RO         1447    .ARM.Collect$$libinit$$00000000  c_w.l(libinit.o)
    0x0800028a   0x0800028a   0x00000004   Code   RO         1459    .ARM.Collect$$libinit$$00000001  c_w.l(libinit2.o)
    0x0800028e   0x0800028e   0x00000000   Code   RO         1462    .ARM.Collect$$libinit$$00000004  c_w.l(libinit2.o)
    0x0800028e   0x0800028e   0x00000000   Code   RO         1464    .ARM.Collect$$libinit$$00000006  c_w.l(libinit2.o)
    0x0800028e   0x0800028e   0x00000000   Code   RO         1467    .ARM.Collect$$libinit$$0000000C  c_w.l(libinit2.o)
    0x0800028e   0x0800028e   0x00000000   Code   RO         1469    .ARM.Collect$$libinit$$0000000E  c_w.l(libinit2.o)
    0x0800028e   0x0800028e   0x00000000   Code   RO         1471    .ARM.Collect$$libinit$$00000010  c_w.l(libinit2.o)
    0x0800028e   0x0800028e   0x00000000   Code   RO         1474    .ARM.Collect$$libinit$$00000013  c_w.l(libinit2.o)
    0x0800028e   0x0800028e   0x00000000   Code   RO         1476    .ARM.Collect$$libinit$$00000015  c_w.l(libinit2.o)
    0x0800028e   0x0800028e   0x00000000   Code   RO         1478    .ARM.Collect$$libinit$$00000017  c_w.l(libinit2.o)
    0x0800028e   0x0800028e   0x00000000   Code   RO         1480    .ARM.Collect$$libinit$$00000019  c_w.l(libinit2.o)
    0x0800028e   0x0800028e   0x00000000   Code   RO         1482    .ARM.Collect$$libinit$$0000001B  c_w.l(libinit2.o)
    0x0800028e   0x0800028e   0x00000000   Code   RO         1484    .ARM.Collect$$libinit$$0000001D  c_w.l(libinit2.o)
    0x0800028e   0x0800028e   0x00000000   Code   RO         1486    .ARM.Collect$$libinit$$0000001F  c_w.l(libinit2.o)
    0x0800028e   0x0800028e   0x00000000   Code   RO         1488    .ARM.Collect$$libinit$$00000021  c_w.l(libinit2.o)
    0x0800028e   0x0800028e   0x00000000   Code   RO         1490    .ARM.Collect$$libinit$$00000023  c_w.l(libinit2.o)
    0x0800028e   0x0800028e   0x00000000   Code   RO         1492    .ARM.Collect$$libinit$$00000025  c_w.l(libinit2.o)
    0x0800028e   0x0800028e   0x00000000   Code   RO         1494    .ARM.Collect$$libinit$$00000027  c_w.l(libinit2.o)
    0x0800028e   0x0800028e   0x00000000   Code   RO         1498    .ARM.Collect$$libinit$$0000002E  c_w.l(libinit2.o)
    0x0800028e   0x0800028e   0x00000000   Code   RO         1500    .ARM.Collect$$libinit$$00000030  c_w.l(libinit2.o)
    0x0800028e   0x0800028e   0x00000000   Code   RO         1502    .ARM.Collect$$libinit$$00000032  c_w.l(libinit2.o)
    0x0800028e   0x0800028e   0x00000000   Code   RO         1504    .ARM.Collect$$libinit$$00000034  c_w.l(libinit2.o)
    0x0800028e   0x0800028e   0x00000002   Code   RO         1505    .ARM.Collect$$libinit$$00000035  c_w.l(libinit2.o)
    0x08000290   0x08000290   0x00000002   Code   RO         1540    .ARM.Collect$$libshutdown$$00000000  c_w.l(libshutdown.o)
    0x08000292   0x08000292   0x00000000   Code   RO         1568    .ARM.Collect$$libshutdown$$00000002  c_w.l(libshutdown2.o)
    0x08000292   0x08000292   0x00000000   Code   RO         1570    .ARM.Collect$$libshutdown$$00000004  c_w.l(libshutdown2.o)
    0x08000292   0x08000292   0x00000000   Code   RO         1573    .ARM.Collect$$libshutdown$$00000007  c_w.l(libshutdown2.o)
    0x08000292   0x08000292   0x00000000   Code   RO         1576    .ARM.Collect$$libshutdown$$0000000A  c_w.l(libshutdown2.o)
    0x08000292   0x08000292   0x00000000   Code   RO         1578    .ARM.Collect$$libshutdown$$0000000C  c_w.l(libshutdown2.o)
    0x08000292   0x08000292   0x00000000   Code   RO         1581    .ARM.Collect$$libshutdown$$0000000F  c_w.l(libshutdown2.o)
    0x08000292   0x08000292   0x00000002   Code   RO         1582    .ARM.Collect$$libshutdown$$00000010  c_w.l(libshutdown2.o)
    0x08000294   0x08000294   0x00000000   Code   RO         1399    .ARM.Collect$$rtentry$$00000000  c_w.l(__rtentry.o)
    0x08000294   0x08000294   0x00000000   Code   RO         1416    .ARM.Collect$$rtentry$$00000002  c_w.l(__rtentry2.o)
    0x08000294   0x08000294   0x00000006   Code   RO         1428    .ARM.Collect$$rtentry$$00000004  c_w.l(__rtentry4.o)
    0x0800029a   0x0800029a   0x00000000   Code   RO         1418    .ARM.Collect$$rtentry$$00000009  c_w.l(__rtentry2.o)
    0x0800029a   0x0800029a   0x00000004   Code   RO         1419    .ARM.Collect$$rtentry$$0000000A  c_w.l(__rtentry2.o)
    0x0800029e   0x0800029e   0x00000000   Code   RO         1421    .ARM.Collect$$rtentry$$0000000C  c_w.l(__rtentry2.o)
    0x0800029e   0x0800029e   0x00000008   Code   RO         1422    .ARM.Collect$$rtentry$$0000000D  c_w.l(__rtentry2.o)
    0x080002a6   0x080002a6   0x00000002   Code   RO         1451    .ARM.Collect$$rtexit$$00000000  c_w.l(rtexit.o)
    0x080002a8   0x080002a8   0x00000000   Code   RO         1511    .ARM.Collect$$rtexit$$00000002  c_w.l(rtexit2.o)
    0x080002a8   0x080002a8   0x00000004   Code   RO         1512    .ARM.Collect$$rtexit$$00000003  c_w.l(rtexit2.o)
    0x080002ac   0x080002ac   0x00000006   Code   RO         1513    .ARM.Collect$$rtexit$$00000004  c_w.l(rtexit2.o)
    0x080002b2   0x080002b2   0x00000002   PAD
    0x080002b4   0x080002b4   0x00000040   Code   RO            4    .text               startup_stm32g431xx.o
    0x080002f4   0x080002f4   0x000000f0   Code   RO         1348    .text               c_w.l(lludivv7m.o)
    0x080003e4   0x080003e4   0x00000028   Code   RO         1352    .text               c_w.l(noretval__2sprintf.o)
    0x0800040c   0x0800040c   0x00000068   Code   RO         1354    .text               c_w.l(__printf.o)
    0x08000474   0x08000474   0x00000052   Code   RO         1356    .text               c_w.l(_printf_str.o)
    0x080004c6   0x080004c6   0x00000002   PAD
    0x080004c8   0x080004c8   0x00000078   Code   RO         1358    .text               c_w.l(_printf_dec.o)
    0x08000540   0x08000540   0x00000048   Code   RO         1383    .text               c_w.l(strcpy.o)
    0x08000588   0x08000588   0x0000003e   Code   RO         1385    .text               c_w.l(strlen.o)
    0x080005c6   0x080005c6   0x00000096   Code   RO         1387    .text               c_w.l(strncmp.o)
    0x0800065c   0x0800065c   0x0000004e   Code   RO         1389    .text               c_w.l(rt_memclr_w.o)
    0x080006aa   0x080006aa   0x00000056   Code   RO         1391    .text               c_w.l(strncpy.o)
    0x08000700   0x08000700   0x0000007c   Code   RO         1393    .text               c_w.l(strcmpv7em.o)
    0x0800077c   0x0800077c   0x00000006   Code   RO         1395    .text               c_w.l(heapauxi.o)
    0x08000782   0x08000782   0x000000b2   Code   RO         1404    .text               c_w.l(_printf_intcommon.o)
    0x08000834   0x08000834   0x00000030   Code   RO         1406    .text               c_w.l(_printf_char_common.o)
    0x08000864   0x08000864   0x0000000a   Code   RO         1408    .text               c_w.l(_sputc.o)
    0x0800086e   0x0800086e   0x0000002c   Code   RO         1410    .text               c_w.l(_printf_char.o)
    0x0800089a   0x0800089a   0x00000044   Code   RO         1413    .text               c_w.l(rt_memclr.o)
    0x080008de   0x080008de   0x0000004a   Code   RO         1434    .text               c_w.l(sys_stackheap_outer.o)
    0x08000928   0x08000928   0x00000012   Code   RO         1436    .text               c_w.l(exit.o)
    0x0800093a   0x0800093a   0x00000002   PAD
    0x0800093c   0x0800093c   0x00000008   Code   RO         1448    .text               c_w.l(libspace.o)
    0x08000944   0x08000944   0x0000000c   Code   RO         1506    .text               c_w.l(sys_exit.o)
    0x08000950   0x08000950   0x00000002   Code   RO         1529    .text               c_w.l(use_no_semi.o)
    0x08000952   0x08000952   0x00000000   Code   RO         1531    .text               c_w.l(indicate_semi.o)
    0x08000952   0x08000952   0x00000002   PAD
    0x08000954   0x08000954   0x000000c8   Code   RO          251    .text.APP_HandleKeyInput  app.o
    0x08000a1c   0x08000a1c   0x0000008c   Code   RO          253    .text.APP_HandleUARTPassword  app.o
    0x08000aa8   0x08000aa8   0x0000004e   Code   RO          247    .text.APP_Init      app.o
    0x08000af6   0x08000af6   0x00000002   PAD
    0x08000af8   0x08000af8   0x00000184   Code   RO          249    .text.APP_Process   app.o
    0x08000c7c   0x08000c7c   0x00000002   Code   RO          218    .text.BusFault_Handler  stm32g4xx_it.o
    0x08000c7e   0x08000c7e   0x00000002   PAD
    0x08000c80   0x08000c80   0x00000002   Code   RO          224    .text.DebugMon_Handler  stm32g4xx_it.o
    0x08000c82   0x08000c82   0x00000002   PAD
    0x08000c84   0x08000c84   0x0000000a   Code   RO          141    .text.Error_Handler  main.o
    0x08000c8e   0x08000c8e   0x00000002   PAD
    0x08000c90   0x08000c90   0x00000080   Code   RO         1035    .text.HAL_DMA_Abort_IT  stm32g4xx_hal_dma.o
    0x08000d10   0x08000d10   0x00000028   Code   RO          764    .text.HAL_Delay     stm32g4xx_hal.o
    0x08000d38   0x08000d38   0x000001c2   Code   RO          975    .text.HAL_GPIO_Init  stm32g4xx_hal_gpio.o
    0x08000efa   0x08000efa   0x00000002   PAD
    0x08000efc   0x08000efc   0x0000000a   Code   RO          979    .text.HAL_GPIO_ReadPin  stm32g4xx_hal_gpio.o
    0x08000f06   0x08000f06   0x00000002   PAD
    0x08000f08   0x08000f08   0x0000000c   Code   RO          981    .text.HAL_GPIO_WritePin  stm32g4xx_hal_gpio.o
    0x08000f14   0x08000f14   0x0000000c   Code   RO          756    .text.HAL_GetTick   stm32g4xx_hal.o
    0x08000f20   0x08000f20   0x0000001a   Code   RO          754    .text.HAL_IncTick   stm32g4xx_hal.o
    0x08000f3a   0x08000f3a   0x00000002   PAD
    0x08000f3c   0x08000f3c   0x0000001e   Code   RO          744    .text.HAL_Init      stm32g4xx_hal.o
    0x08000f5a   0x08000f5a   0x00000002   PAD
    0x08000f5c   0x08000f5c   0x00000050   Code   RO          746    .text.HAL_InitTick  stm32g4xx_hal.o
    0x08000fac   0x08000fac   0x00000034   Code   RO          239    .text.HAL_MspInit   stm32g4xx_hal_msp.o
    0x08000fe0   0x08000fe0   0x00000022   Code   RO         1119    .text.HAL_NVIC_EnableIRQ  stm32g4xx_hal_cortex.o
    0x08001002   0x08001002   0x00000002   PAD
    0x08001004   0x08001004   0x00000056   Code   RO         1117    .text.HAL_NVIC_SetPriority  stm32g4xx_hal_cortex.o
    0x0800105a   0x0800105a   0x00000002   PAD
    0x0800105c   0x0800105c   0x00000020   Code   RO         1115    .text.HAL_NVIC_SetPriorityGrouping  stm32g4xx_hal_cortex.o
    0x0800107c   0x0800107c   0x0000010e   Code   RO          290    .text.HAL_PWREx_ControlVoltageScaling  stm32g4xx_hal_pwr_ex.o
    0x0800118a   0x0800118a   0x00000002   PAD
    0x0800118c   0x0800118c   0x00000012   Code   RO          360    .text.HAL_PWREx_DisableUCPDDeadBattery  stm32g4xx_hal_pwr_ex.o
    0x0800119e   0x0800119e   0x00000002   PAD
    0x080011a0   0x080011a0   0x0000026a   Code   RO          862    .text.HAL_RCCEx_PeriphCLKConfig  stm32g4xx_hal_rcc_ex.o
    0x0800140a   0x0800140a   0x00000002   PAD
    0x0800140c   0x0800140c   0x00000304   Code   RO          828    .text.HAL_RCC_ClockConfig  stm32g4xx_hal_rcc.o
    0x08001710   0x08001710   0x0000002a   Code   RO          836    .text.HAL_RCC_GetPCLK1Freq  stm32g4xx_hal_rcc.o
    0x0800173a   0x0800173a   0x00000002   PAD
    0x0800173c   0x0800173c   0x0000002a   Code   RO          838    .text.HAL_RCC_GetPCLK2Freq  stm32g4xx_hal_rcc.o
    0x08001766   0x08001766   0x00000002   PAD
    0x08001768   0x08001768   0x00000082   Code   RO          830    .text.HAL_RCC_GetSysClockFreq  stm32g4xx_hal_rcc.o
    0x080017ea   0x080017ea   0x00000002   PAD
    0x080017ec   0x080017ec   0x000004d4   Code   RO          826    .text.HAL_RCC_OscConfig  stm32g4xx_hal_rcc.o
    0x08001cc0   0x08001cc0   0x0000002c   Code   RO         1127    .text.HAL_SYSTICK_Config  stm32g4xx_hal_cortex.o
    0x08001cec   0x08001cec   0x000000a6   Code   RO          665    .text.HAL_TIMEx_MasterConfigSynchronization  stm32g4xx_hal_tim_ex.o
    0x08001d92   0x08001d92   0x00000002   PAD
    0x08001d94   0x08001d94   0x000003ba   Code   RO          524    .text.HAL_TIM_PWM_ConfigChannel  stm32g4xx_hal_tim.o
    0x0800214e   0x0800214e   0x00000002   PAD
    0x08002150   0x08002150   0x00000062   Code   RO          424    .text.HAL_TIM_PWM_Init  stm32g4xx_hal_tim.o
    0x080021b2   0x080021b2   0x00000002   PAD
    0x080021b4   0x080021b4   0x0000002a   Code   RO          173    .text.HAL_TIM_PWM_MspInit  tim.o
    0x080021de   0x080021de   0x00000002   PAD
    0x080021e0   0x080021e0   0x0000016a   Code   RO          432    .text.HAL_TIM_PWM_Start  stm32g4xx_hal_tim.o
    0x0800234a   0x0800234a   0x00000002   PAD
    0x0800234c   0x0800234c   0x00000036   Code   RO         1317    .text.HAL_UARTEx_DisableFifoMode  stm32g4xx_hal_uart_ex.o
    0x08002382   0x08002382   0x00000002   PAD
    0x08002384   0x08002384   0x00000002   Code   RO         1303    .text.HAL_UARTEx_RxFifoFullCallback  stm32g4xx_hal_uart_ex.o
    0x08002386   0x08002386   0x00000002   PAD
    0x08002388   0x08002388   0x0000008c   Code   RO         1321    .text.HAL_UARTEx_SetRxFifoThreshold  stm32g4xx_hal_uart_ex.o
    0x08002414   0x08002414   0x0000008c   Code   RO         1319    .text.HAL_UARTEx_SetTxFifoThreshold  stm32g4xx_hal_uart_ex.o
    0x080024a0   0x080024a0   0x00000002   Code   RO         1305    .text.HAL_UARTEx_TxFifoEmptyCallback  stm32g4xx_hal_uart_ex.o
    0x080024a2   0x080024a2   0x00000002   PAD
    0x080024a4   0x080024a4   0x00000002   Code   RO         1301    .text.HAL_UARTEx_WakeupCallback  stm32g4xx_hal_uart_ex.o
    0x080024a6   0x080024a6   0x00000002   PAD
    0x080024a8   0x080024a8   0x00000002   Code   RO         1257    .text.HAL_UART_ErrorCallback  stm32g4xx_hal_uart.o
    0x080024aa   0x080024aa   0x00000002   PAD
    0x080024ac   0x080024ac   0x00000208   Code   RO         1253    .text.HAL_UART_IRQHandler  stm32g4xx_hal_uart.o
    0x080026b4   0x080026b4   0x00000062   Code   RO         1161    .text.HAL_UART_Init  stm32g4xx_hal_uart.o
    0x08002716   0x08002716   0x00000002   PAD
    0x08002718   0x08002718   0x000000a4   Code   RO          188    .text.HAL_UART_MspInit  usart.o
    0x080027bc   0x080027bc   0x0000010a   Code   RO         1197    .text.HAL_UART_Receive_IT  stm32g4xx_hal_uart.o
    0x080028c6   0x080028c6   0x00000002   PAD
    0x080028c8   0x080028c8   0x00000052   Code   RO          198    .text.HAL_UART_RxCpltCallback  usart.o
    0x0800291a   0x0800291a   0x00000002   PAD
    0x0800291c   0x0800291c   0x000000d8   Code   RO         1181    .text.HAL_UART_Transmit  stm32g4xx_hal_uart.o
    0x080029f4   0x080029f4   0x00000002   Code   RO         1259    .text.HAL_UART_TxCpltCallback  stm32g4xx_hal_uart.o
    0x080029f6   0x080029f6   0x00000002   PAD
    0x080029f8   0x080029f8   0x00000002   Code   RO          214    .text.HardFault_Handler  stm32g4xx_it.o
    0x080029fa   0x080029fa   0x00000002   PAD
    0x080029fc   0x080029fc   0x0000000e   Code   RO          264    .text.KEY_Init      key.o
    0x08002a0a   0x08002a0a   0x00000002   PAD
    0x08002a0c   0x08002a0c   0x000000c2   Code   RO          266    .text.KEY_Process   key.o
    0x08002ace   0x08002ace   0x00000002   PAD
    0x08002ad0   0x08002ad0   0x00000284   Code   RO           67    .text.LCD_Clear     lcd.o
    0x08002d54   0x08002d54   0x0000004c   Code   RO           65    .text.LCD_DisplayStringLine  lcd.o
    0x08002da0   0x08002da0   0x00000360   Code   RO           75    .text.LCD_DrawChar  lcd.o
    0x08003100   0x08003100   0x00000238   Code   RO           53    .text.LCD_Init      lcd.o
    0x08003338   0x08003338   0x00000018   Code   RO           61    .text.LCD_SetBackColor  lcd.o
    0x08003350   0x08003350   0x00000018   Code   RO           59    .text.LCD_SetTextColor  lcd.o
    0x08003368   0x08003368   0x00000030   Code   RO          156    .text.LED_Disp      gpio.o
    0x08003398   0x08003398   0x00000036   Code   RO          119    .text.LED_Init      led.o
    0x080033ce   0x080033ce   0x00000002   PAD
    0x080033d0   0x080033d0   0x00000006   Code   RO          125    .text.LED_SetLD1OnTime  led.o
    0x080033d6   0x080033d6   0x00000002   PAD
    0x080033d8   0x080033d8   0x00000006   Code   RO          127    .text.LED_SetLD2AlarmTime  led.o
    0x080033de   0x080033de   0x00000002   PAD
    0x080033e0   0x080033e0   0x0000000e   Code   RO          121    .text.LED_TurnOff   led.o
    0x080033ee   0x080033ee   0x00000002   PAD
    0x080033f0   0x080033f0   0x0000000c   Code   RO          123    .text.LED_TurnOn    led.o
    0x080033fc   0x080033fc   0x000000ea   Code   RO          152    .text.MX_GPIO_Init  gpio.o
    0x080034e6   0x080034e6   0x00000002   PAD
    0x080034e8   0x080034e8   0x000000c8   Code   RO          169    .text.MX_TIM2_Init  tim.o
    0x080035b0   0x080035b0   0x00000082   Code   RO          186    .text.MX_USART1_UART_Init  usart.o
    0x08003632   0x08003632   0x00000002   PAD
    0x08003634   0x08003634   0x00000002   Code   RO          216    .text.MemManage_Handler  stm32g4xx_it.o
    0x08003636   0x08003636   0x00000002   PAD
    0x08003638   0x08003638   0x00000002   Code   RO          212    .text.NMI_Handler   stm32g4xx_it.o
    0x0800363a   0x0800363a   0x00000002   PAD
    0x0800363c   0x0800363c   0x00000002   Code   RO          279    .text.PWM_SetOutput  pwm.o
    0x0800363e   0x0800363e   0x00000002   PAD
    0x08003640   0x08003640   0x00000002   Code   RO          226    .text.PendSV_Handler  stm32g4xx_it.o
    0x08003642   0x08003642   0x00000002   PAD
    0x08003644   0x08003644   0x00000ae6   Code   RO           47    .text.REG_8230_Init  lcd.o
    0x0800412a   0x0800412a   0x00000002   PAD
    0x0800412c   0x0800412c   0x0000151e   Code   RO           51    .text.REG_932X_Init  lcd.o
    0x0800564a   0x0800564a   0x00000002   PAD
    0x0800564c   0x0800564c   0x00000002   Code   RO          222    .text.SVC_Handler   stm32g4xx_it.o
    0x0800564e   0x0800564e   0x00000002   PAD
    0x08005650   0x08005650   0x00000004   Code   RO          228    .text.SysTick_Handler  stm32g4xx_it.o
    0x08005654   0x08005654   0x00000012   Code   RO         1332    .text.SystemInit    system_stm32g4xx.o
    0x08005666   0x08005666   0x00000002   PAD
    0x08005668   0x08005668   0x00000124   Code   RO          374    .text.TIM_Base_SetConfig  stm32g4xx_hal_tim.o
    0x0800578c   0x0800578c   0x000000e6   Code   RO         1167    .text.UART_AdvFeatureConfig  stm32g4xx_hal_uart.o
    0x08005872   0x08005872   0x00000002   PAD
    0x08005874   0x08005874   0x000000ae   Code   RO         1169    .text.UART_CheckIdleState  stm32g4xx_hal_uart.o
    0x08005922   0x08005922   0x00000002   PAD
    0x08005924   0x08005924   0x00000010   Code   RO         1255    .text.UART_DMAAbortOnError  stm32g4xx_hal_uart.o
    0x08005934   0x08005934   0x0000001c   Code   RO          192    .text.UART_Init     usart.o
    0x08005950   0x08005950   0x0000002c   Code   RO          200    .text.UART_Process  usart.o
    0x0800597c   0x0800597c   0x0000005a   Code   RO         1203    .text.UART_RxISR_16BIT  stm32g4xx_hal_uart.o
    0x080059d6   0x080059d6   0x00000002   PAD
    0x080059d8   0x080059d8   0x000000a8   Code   RO         1199    .text.UART_RxISR_16BIT_FIFOEN  stm32g4xx_hal_uart.o
    0x08005a80   0x08005a80   0x0000005a   Code   RO         1205    .text.UART_RxISR_8BIT  stm32g4xx_hal_uart.o
    0x08005ada   0x08005ada   0x00000002   PAD
    0x08005adc   0x08005adc   0x000000ac   Code   RO         1201    .text.UART_RxISR_8BIT_FIFOEN  stm32g4xx_hal_uart.o
    0x08005b88   0x08005b88   0x0000003c   Code   RO          196    .text.UART_SendString  usart.o
    0x08005bc4   0x08005bc4   0x00000288   Code   RO         1165    .text.UART_SetConfig  stm32g4xx_hal_uart.o
    0x08005e4c   0x08005e4c   0x000000f2   Code   RO         1183    .text.UART_WaitOnFlagUntilTimeout  stm32g4xx_hal_uart.o
    0x08005f3e   0x08005f3e   0x00000002   PAD
    0x08005f40   0x08005f40   0x0000000c   Code   RO          230    .text.USART1_IRQHandler  stm32g4xx_it.o
    0x08005f4c   0x08005f4c   0x00000002   Code   RO          220    .text.UsageFault_Handler  stm32g4xx_it.o
    0x08005f4e   0x08005f4e   0x00000002   PAD
    0x08005f50   0x08005f50   0x000000be   Code   RO          137    .text.main          main.o
    0x0800600e   0x0800600e   0x0000001a   Code   RO         1523    x$fpl$fpinit        fz_wm.l(fpinit.o)
    0x08006028   0x08006028   0x00000010   Data   RO         1337    .rodata.AHBPrescTable  system_stm32g4xx.o
    0x08006038   0x08006038   0x00000008   Data   RO         1338    .rodata.APBPrescTable  system_stm32g4xx.o
    0x08006040   0x08006040   0x000011d0   Data   RO          107    .rodata.ASCII_Table  lcd.o
    0x08007210   0x08007210   0x00000018   Data   RO         1289    .rodata.UARTPrescTable  stm32g4xx_hal_uart.o
    0x08007228   0x08007228   0x00000010   Data   RO         1290    .rodata.cst16       stm32g4xx_hal_uart.o
    0x08007238   0x08007238   0x00000010   Data   RO         1323    .rodata.cst8        stm32g4xx_hal_uart_ex.o
    0x08007248   0x08007248   0x00000020   Data   RO         1584    Region$$Table       anon$$obj.o


    Execution Region RW_IRAM1 (Exec base: 0x20000000, Load base: 0x08007268, Size: 0x000007c0, Max: 0x00008000, ABSOLUTE)

    Exec Addr    Load Addr    Size         Type   Attr      Idx    E Section Name        Object

    0x20000000   0x08007268   0x00000008   Data   RW          815    .data..L_MergedGlobals  stm32g4xx_hal.o
    0x20000008   0x08007270   0x00000002   Data   RW          110    .data.BackColor     lcd.o
    0x2000000a   0x08007272   0x00000002   PAD
    0x2000000c   0x08007274   0x00000004   Data   RW         1336    .data.SystemCoreClock  system_stm32g4xx.o
    0x20000010        -       0x00000060   Zero   RW         1449    .bss                c_w.l(libspace.o)
    0x20000070        -       0x0000001c   Zero   RW          203    .bss..L_MergedGlobals  usart.o
    0x2000008c        -       0x00000048   Zero   RW          255    .bss..L_MergedGlobals  app.o
    0x200000d4        -       0x00000008   Zero   RW          268    .bss..L_MergedGlobals  key.o
    0x200000dc        -       0x00000002   Zero   RW          109    .bss.TextColor      lcd.o
    0x200000de        -       0x00000002   Zero   RW          108    .bss.dummy          lcd.o
    0x200000e0        -       0x0000004c   Zero   RW          177    .bss.htim2          tim.o
    0x2000012c        -       0x0000008c   Zero   RW          202    .bss.huart1         usart.o
    0x200001b8        -       0x00000004   Zero   RW          814    .bss.uwTick         stm32g4xx_hal.o
    0x200001bc   0x08007278   0x00000004   PAD
    0x200001c0        -       0x00000200   Zero   RW            2    HEAP                startup_stm32g431xx.o
    0x200003c0        -       0x00000400   Zero   RW            1    STACK               startup_stm32g431xx.o


==============================================================================

Image component sizes


      Code (inc. data)   RO Data    RW Data    ZI Data      Debug   Object Name

       806        144          0          0         72       3638   app.o
       282          0          0          0          0       3441   gpio.o
       208          0          0          0          8       1744   key.o
     10396          0       4560          2          4      27885   lcd.o
        92          0          0          0          0       2077   led.o
       200          0          0          0          0       3873   main.o
         2          0          0          0          0        708   pwm.o
        64         26        472          0       1536        852   startup_stm32g431xx.o
       188          0          0          8          4       8671   stm32g4xx_hal.o
       196          0          0          0          0      10184   stm32g4xx_hal_cortex.o
       128          0          0          0          0       9192   stm32g4xx_hal_dma.o
       472          0          0          0          0       5288   stm32g4xx_hal_gpio.o
        52          0          0          0          0       1775   stm32g4xx_hal_msp.o
       288          0          0          0          0       9481   stm32g4xx_hal_pwr_ex.o
      2222          0          0          0          0      10187   stm32g4xx_hal_rcc.o
       618          0          0          0          0      10961   stm32g4xx_hal_rcc_ex.o
      1706         20          0          0          0      61136   stm32g4xx_hal_tim.o
       166          0          0          0          0      29751   stm32g4xx_hal_tim_ex.o
      2934         48         40          0          0      26117   stm32g4xx_hal_uart.o
       340          0         16          0          0       8586   stm32g4xx_hal_uart_ex.o
        32          0          0          0          0       4642   stm32g4xx_it.o
        18          0         24          4          0       2807   system_stm32g4xx.o
       242          0          0          0         76       7259   tim.o
       508          0          0          0        168       9505   usart.o

    ----------------------------------------------------------------------
     22266        238       5144         16       1872     259760   Object Totals
         0          0         32          0          0          0   (incl. Generated)
       106          0          0          2          4          0   (incl. Padding)

    ----------------------------------------------------------------------

      Code (inc. data)   RO Data    RW Data    ZI Data      Debug   Library Member Name

         8          0          0          0          0         68   __main.o
       104          0          0          0          0         84   __printf.o
         0          0          0          0          0          0   __rtentry.o
        12          0          0          0          0          0   __rtentry2.o
         6          0          0          0          0          0   __rtentry4.o
        94          8          0          0          0          0   __scatter.o
        26          0          0          0          0          0   __scatter_copy.o
        28          0          0          0          0          0   __scatter_zi.o
         6          0          0          0          0          0   _printf_c.o
        44          0          0          0          0        108   _printf_char.o
        48          6          0          0          0         96   _printf_char_common.o
         6          0          0          0          0          0   _printf_d.o
       120         16          0          0          0         92   _printf_dec.o
       178          0          0          0          0         88   _printf_intcommon.o
         0          0          0          0          0          0   _printf_percent.o
         4          0          0          0          0          0   _printf_percent_end.o
        82          0          0          0          0         80   _printf_str.o
        10          0          0          0          0         68   _sputc.o
        18          0          0          0          0         80   exit.o
         6          0          0          0          0        152   heapauxi.o
         0          0          0          0          0          0   indicate_semi.o
         2          0          0          0          0          0   libinit.o
         6          0          0          0          0          0   libinit2.o
         2          0          0          0          0          0   libshutdown.o
         2          0          0          0          0          0   libshutdown2.o
         8          4          0          0         96         68   libspace.o
       240          0          0          0          0        100   lludivv7m.o
        40          6          0          0          0         84   noretval__2sprintf.o
        68          0          0          0          0         68   rt_memclr.o
        78          0          0          0          0         80   rt_memclr_w.o
         2          0          0          0          0          0   rtexit.o
        10          0          0          0          0          0   rtexit2.o
       124          0          0          0          0         88   strcmpv7em.o
        72          0          0          0          0         80   strcpy.o
        62          0          0          0          0         76   strlen.o
       150          0          0          0          0         80   strncmp.o
        86          0          0          0          0         76   strncpy.o
        12          4          0          0          0         68   sys_exit.o
        74          0          0          0          0         80   sys_stackheap_outer.o
         2          0          0          0          0         68   use_no_semi.o
        26          0          0          0          0        116   fpinit.o

    ----------------------------------------------------------------------
      1878         44          0          0         96       2048   Library Totals
        12          0          0          0          0          0   (incl. Padding)

    ----------------------------------------------------------------------

      Code (inc. data)   RO Data    RW Data    ZI Data      Debug   Library Name

      1840         44          0          0         96       1932   c_w.l
        26          0          0          0          0        116   fz_wm.l

    ----------------------------------------------------------------------
      1878         44          0          0         96       2048   Library Totals

    ----------------------------------------------------------------------

==============================================================================


      Code (inc. data)   RO Data    RW Data    ZI Data      Debug   

     24144        282       5144         16       1968     260448   Grand Totals
     24144        282       5144         16       1968     260448   ELF Image Totals
     24144        282       5144         16          0          0   ROM Totals

==============================================================================

    Total RO  Size (Code + RO Data)                29288 (  28.60kB)
    Total RW  Size (RW Data + ZI Data)              1984 (   1.94kB)
    Total ROM Size (Code + RO Data + RW Data)      29304 (  28.62kB)

==============================================================================

